../Core/Src/main.c:88:5:main	8	static
../Core/Src/main.c:149:6:SystemClock_Config	72	static
../Core/Src/main.c:188:13:MX_I2C1_Init	8	static
../Core/Src/main.c:222:13:MX_TIM1_Init	32	static
../Core/Src/main.c:268:13:MX_TIM3_Init	64	static
../Core/Src/main.c:327:13:MX_TIM4_Init	64	static
../Core/Src/main.c:386:13:MX_USART3_UART_Init	8	static
../Core/Src/main.c:417:13:MX_DMA_Init	16	static
../Core/Src/main.c:438:13:MX_GPIO_Init	40	static
../Core/Src/main.c:506:6:Error_Handler	4	static,ignoring_inline_asm
