../Core/Src/main.c:92:5:main	8	static
../Core/Src/main.c:154:6:SystemClock_Config	72	static
../Core/Src/main.c:193:13:MX_I2C1_Init	8	static
../Core/Src/main.c:227:13:MX_TIM1_Init	32	static
../Core/Src/main.c:273:13:MX_TIM3_Init	64	static
../Core/Src/main.c:332:13:MX_TIM4_Init	64	static
../Core/Src/main.c:391:13:MX_USART2_UART_Init	8	static
../Core/Src/main.c:424:13:MX_USART3_UART_Init	8	static
../Core/Src/main.c:455:13:MX_DMA_Init	16	static
../Core/Src/main.c:482:13:MX_GPIO_Init	40	static
../Core/Src/main.c:544:6:Error_Handler	4	static,ignoring_inline_asm
