Archive member included to satisfy reference by file (symbol)

C:/ST/STM32CubeIDE_1.19.0/STM32CubeIDE/plugins/com.st.stm32cube.ide.mcu.externaltools.gnu-tools-for-stm32.13.3.rel1.win32_1.0.0.202411081344/tools/bin/../lib/gcc/arm-none-eabi/13.3.1/../../../../arm-none-eabi/lib/thumb/v7-m/nofp\librdimon_nano.a(arm_librdimon_a-syscalls.o)
                              C:/ST/STM32CubeIDE_1.19.0/STM32CubeIDE/plugins/com.st.stm32cube.ide.mcu.externaltools.gnu-tools-for-stm32.13.3.rel1.win32_1.0.0.202411081344/tools/bin/../lib/gcc/arm-none-eabi/13.3.1/../../../../arm-none-eabi/lib/thumb/v7-m/nofp/rdimon-crt0.o (__heap_limit)
C:/ST/STM32CubeIDE_1.19.0/STM32CubeIDE/plugins/com.st.stm32cube.ide.mcu.externaltools.gnu-tools-for-stm32.13.3.rel1.win32_1.0.0.202411081344/tools/bin/../lib/gcc/arm-none-eabi/13.3.1/../../../../arm-none-eabi/lib/thumb/v7-m/nofp\libc_nano.a(libc_a-exit.o)
                              C:/ST/STM32CubeIDE_1.19.0/STM32CubeIDE/plugins/com.st.stm32cube.ide.mcu.externaltools.gnu-tools-for-stm32.13.3.rel1.win32_1.0.0.202411081344/tools/bin/../lib/gcc/arm-none-eabi/13.3.1/../../../../arm-none-eabi/lib/thumb/v7-m/nofp/rdimon-crt0.o (exit)
C:/ST/STM32CubeIDE_1.19.0/STM32CubeIDE/plugins/com.st.stm32cube.ide.mcu.externaltools.gnu-tools-for-stm32.13.3.rel1.win32_1.0.0.202411081344/tools/bin/../lib/gcc/arm-none-eabi/13.3.1/../../../../arm-none-eabi/lib/thumb/v7-m/nofp\libc_nano.a(libc_a-fflush.o)
                              ./app/src/logger.o (fflush)
C:/ST/STM32CubeIDE_1.19.0/STM32CubeIDE/plugins/com.st.stm32cube.ide.mcu.externaltools.gnu-tools-for-stm32.13.3.rel1.win32_1.0.0.202411081344/tools/bin/../lib/gcc/arm-none-eabi/13.3.1/../../../../arm-none-eabi/lib/thumb/v7-m/nofp\libc_nano.a(libc_a-findfp.o)
                              C:/ST/STM32CubeIDE_1.19.0/STM32CubeIDE/plugins/com.st.stm32cube.ide.mcu.externaltools.gnu-tools-for-stm32.13.3.rel1.win32_1.0.0.202411081344/tools/bin/../lib/gcc/arm-none-eabi/13.3.1/../../../../arm-none-eabi/lib/thumb/v7-m/nofp\libc_nano.a(libc_a-fflush.o) (__sglue)
C:/ST/STM32CubeIDE_1.19.0/STM32CubeIDE/plugins/com.st.stm32cube.ide.mcu.externaltools.gnu-tools-for-stm32.13.3.rel1.win32_1.0.0.202411081344/tools/bin/../lib/gcc/arm-none-eabi/13.3.1/../../../../arm-none-eabi/lib/thumb/v7-m/nofp\libc_nano.a(libc_a-fwalk.o)
                              C:/ST/STM32CubeIDE_1.19.0/STM32CubeIDE/plugins/com.st.stm32cube.ide.mcu.externaltools.gnu-tools-for-stm32.13.3.rel1.win32_1.0.0.202411081344/tools/bin/../lib/gcc/arm-none-eabi/13.3.1/../../../../arm-none-eabi/lib/thumb/v7-m/nofp\libc_nano.a(libc_a-fflush.o) (_fwalk_sglue)
C:/ST/STM32CubeIDE_1.19.0/STM32CubeIDE/plugins/com.st.stm32cube.ide.mcu.externaltools.gnu-tools-for-stm32.13.3.rel1.win32_1.0.0.202411081344/tools/bin/../lib/gcc/arm-none-eabi/13.3.1/../../../../arm-none-eabi/lib/thumb/v7-m/nofp\libc_nano.a(libc_a-printf.o)
                              ./app/src/logger.o (printf)
C:/ST/STM32CubeIDE_1.19.0/STM32CubeIDE/plugins/com.st.stm32cube.ide.mcu.externaltools.gnu-tools-for-stm32.13.3.rel1.win32_1.0.0.202411081344/tools/bin/../lib/gcc/arm-none-eabi/13.3.1/../../../../arm-none-eabi/lib/thumb/v7-m/nofp\libc_nano.a(libc_a-puts.o)
                              ./app/src/task_system.o (puts)
C:/ST/STM32CubeIDE_1.19.0/STM32CubeIDE/plugins/com.st.stm32cube.ide.mcu.externaltools.gnu-tools-for-stm32.13.3.rel1.win32_1.0.0.202411081344/tools/bin/../lib/gcc/arm-none-eabi/13.3.1/../../../../arm-none-eabi/lib/thumb/v7-m/nofp\libc_nano.a(libc_a-snprintf.o)
                              ./app/src/app.o (snprintf)
C:/ST/STM32CubeIDE_1.19.0/STM32CubeIDE/plugins/com.st.stm32cube.ide.mcu.externaltools.gnu-tools-for-stm32.13.3.rel1.win32_1.0.0.202411081344/tools/bin/../lib/gcc/arm-none-eabi/13.3.1/../../../../arm-none-eabi/lib/thumb/v7-m/nofp\libc_nano.a(libc_a-sprintf.o)
                              ./app/src/task_lcd.o (sprintf)
C:/ST/STM32CubeIDE_1.19.0/STM32CubeIDE/plugins/com.st.stm32cube.ide.mcu.externaltools.gnu-tools-for-stm32.13.3.rel1.win32_1.0.0.202411081344/tools/bin/../lib/gcc/arm-none-eabi/13.3.1/../../../../arm-none-eabi/lib/thumb/v7-m/nofp\libc_nano.a(libc_a-stdio.o)
                              C:/ST/STM32CubeIDE_1.19.0/STM32CubeIDE/plugins/com.st.stm32cube.ide.mcu.externaltools.gnu-tools-for-stm32.13.3.rel1.win32_1.0.0.202411081344/tools/bin/../lib/gcc/arm-none-eabi/13.3.1/../../../../arm-none-eabi/lib/thumb/v7-m/nofp\libc_nano.a(libc_a-findfp.o) (__sread)
C:/ST/STM32CubeIDE_1.19.0/STM32CubeIDE/plugins/com.st.stm32cube.ide.mcu.externaltools.gnu-tools-for-stm32.13.3.rel1.win32_1.0.0.202411081344/tools/bin/../lib/gcc/arm-none-eabi/13.3.1/../../../../arm-none-eabi/lib/thumb/v7-m/nofp\libc_nano.a(libc_a-wbuf.o)
                              C:/ST/STM32CubeIDE_1.19.0/STM32CubeIDE/plugins/com.st.stm32cube.ide.mcu.externaltools.gnu-tools-for-stm32.13.3.rel1.win32_1.0.0.202411081344/tools/bin/../lib/gcc/arm-none-eabi/13.3.1/../../../../arm-none-eabi/lib/thumb/v7-m/nofp\libc_nano.a(libc_a-puts.o) (__swbuf_r)
[...]
Memory Configuration

Name             Origin             Length             Attributes
RAM              0x20000000         0x00005000         xrw
FLASH            0x08000000         0x00020000         xr
*default*        0x00000000         0xffffffff

Linker script and memory map

LOAD C:/ST/STM32CubeIDE_1.19.0/STM32CubeIDE/plugins/com.st.stm32cube.ide.mcu.externaltools.gnu-tools-for-stm32.13.3.rel1.win32_1.0.0.202411081344/tools/bin/../lib/gcc/arm-none-eabi/13.3.1/thumb/v7-m/nofp/crti.o
LOAD C:/ST/STM32CubeIDE_1.19.0/STM32CubeIDE/plugins/com.st.stm32cube.ide.mcu.externaltools.gnu-tools-for-stm32.13.3.rel1.win32_1.0.0.202411081344/tools/bin/../lib/gcc/arm-none-eabi/13.3.1/thumb/v7-m/nofp/crtbegin.o
LOAD C:/ST/STM32CubeIDE_1.19.0/STM32CubeIDE/plugins/com.st.stm32cube.ide.mcu.externaltools.gnu-tools-for-stm32.13.3.rel1.win32_1.0.0.202411081344/tools/bin/../lib/gcc/arm-none-eabi/13.3.1/../../../../arm-none-eabi/lib/thumb/v7-m/nofp/rdimon-crt0.o
LOAD ./Core/Src/main.o
LOAD ./Core/Src/stm32f1xx_hal_msp.o
LOAD ./Core/Src/stm32f1xx_it.o
LOAD ./Core/Src/sysmem.o
LOAD ./Core/Src/system_stm32f1xx.o
LOAD ./Core/Startup/startup_stm32f103rbtx.o
LOAD ./Drivers/STM32F1xx_HAL_Driver/Src/stm32f1xx_hal.o
LOAD ./Drivers/STM32F1xx_HAL_Driver/Src/stm32f1xx_hal_cortex.o
LOAD ./Drivers/STM32F1xx_HAL_Driver/Src/stm32f1xx_hal_dma.o
LOAD ./Drivers/STM32F1xx_HAL_Driver/Src/stm32f1xx_hal_exti.o
LOAD ./Drivers/STM32F1xx_HAL_Driver/Src/stm32f1xx_hal_flash.o
LOAD ./Drivers/STM32F1xx_HAL_Driver/Src/stm32f1xx_hal_flash_ex.o
LOAD ./Drivers/STM32F1xx_HAL_Driver/Src/stm32f1xx_hal_gpio.o
LOAD ./Drivers/STM32F1xx_HAL_Driver/Src/stm32f1xx_hal_gpio_ex.o
LOAD ./Drivers/STM32F1xx_HAL_Driver/Src/stm32f1xx_hal_i2c.o
LOAD ./Drivers/STM32F1xx_HAL_Driver/Src/stm32f1xx_hal_pwr.o
LOAD ./Drivers/STM32F1xx_HAL_Driver/Src/stm32f1xx_hal_rcc.o
LOAD ./Drivers/STM32F1xx_HAL_Driver/Src/stm32f1xx_hal_rcc_ex.o
LOAD ./Drivers/STM32F1xx_HAL_Driver/Src/stm32f1xx_hal_tim.o
LOAD ./Drivers/STM32F1xx_HAL_Driver/Src/stm32f1xx_hal_tim_ex.o
LOAD ./Drivers/STM32F1xx_HAL_Driver/Src/stm32f1xx_hal_uart.o
LOAD ./app/src/app.o
LOAD ./app/src/ds18b20.o
LOAD ./app/src/i2c_lcd.o
LOAD ./app/src/logger.o
LOAD ./app/src/ow.o
LOAD ./app/src/systick.o
LOAD ./app/src/task_actuator.o
LOAD ./app/src/task_actuator_interface.o
LOAD ./app/src/task_bluetooth.o
LOAD ./app/src/task_lcd.o
LOAD ./app/src/task_lcd_interface.o
LOAD ./app/src/task_pwm.o
LOAD ./app/src/task_pwm_interface.o
LOAD ./app/src/task_sensor.o
LOAD ./app/src/task_system.o
LOAD ./app/src/task_system_interface.o
LOAD ./app/src/task_thermometer.o
LOAD ./app/src/task_thermometer_interface.o
LOAD ./app/src/task_timer.o
LOAD C:/ST/STM32CubeIDE_1.19.0/STM32CubeIDE/plugins/com.st.stm32cube.ide.mcu.externaltools.gnu-tools-for-stm32.13.3.rel1.win32_1.0.0.202411081344/tools/bin/../lib/gcc/arm-none-eabi/13.3.1/../../../../arm-none-eabi/lib/thumb/v7-m/nofp\librdimon_nano.a
START GROUP
LOAD C:/ST/STM32CubeIDE_1.19.0/STM32CubeIDE/plugins/com.st.stm32cube.ide.mcu.externaltools.gnu-tools-for-stm32.13.3.rel1.win32_1.0.0.202411081344/tools/bin/../lib/gcc/arm-none-eabi/13.3.1/../../../../arm-none-eabi/lib/thumb/v7-m/nofp\libc_nano.a
LOAD C:/ST/STM32CubeIDE_1.19.0/STM32CubeIDE/plugins/com.st.stm32cube.ide.mcu.externaltools.gnu-tools-for-stm32.13.3.rel1.win32_1.0.0.202411081344/tools/bin/../lib/gcc/arm-none-eabi/13.3.1/../../../../arm-none-eabi/lib/thumb/v7-m/nofp\libm.a
END GROUP
START GROUP
LOAD C:/ST/STM32CubeIDE_1.19.0/STM32CubeIDE/plugins/com.st.stm32cube.ide.mcu.externaltools.gnu-tools-for-stm32.13.3.rel1.win32_1.0.0.202411081344/tools/bin/../lib/gcc/arm-none-eabi/13.3.1/thumb/v7-m/nofp\libgcc.a
LOAD C:/ST/STM32CubeIDE_1.19.0/STM32CubeIDE/plugins/com.st.stm32cube.ide.mcu.externaltools.gnu-tools-for-stm32.13.3.rel1.win32_1.0.0.202411081344/tools/bin/../lib/gcc/arm-none-eabi/13.3.1/../../../../arm-none-eabi/lib/thumb/v7-m/nofp\libc_nano.a
END GROUP
START GROUP
LOAD C:/ST/STM32CubeIDE_1.19.0/STM32CubeIDE/plugins/com.st.stm32cube.ide.mcu.externaltools.gnu-tools-for-stm32.13.3.rel1.win32_1.0.0.202411081344/tools/bin/../lib/gcc/arm-none-eabi/13.3.1/thumb/v7-m/nofp\libgcc.a
LOAD C:/ST/STM32CubeIDE_1.19.0/STM32CubeIDE/plugins/com.st.stm32cube.ide.mcu.externaltools.gnu-tools-for-stm32.13.3.rel1.win32_1.0.0.202411081344/tools/bin/../lib/gcc/arm-none-eabi/13.3.1/../../../../arm-none-eabi/lib/thumb/v7-m/nofp\libc_nano.a
LOAD C:/ST/STM32CubeIDE_1.19.0/STM32CubeIDE/plugins/com.st.stm32cube.ide.mcu.externaltools.gnu-tools-for-stm32.13.3.rel1.win32_1.0.0.202411081344/tools/bin/../lib/gcc/arm-none-eabi/13.3.1/../../../../arm-none-eabi/lib/thumb/v7-m/nofp\libnosys.a
END GROUP
START GROUP
LOAD C:/ST/STM32CubeIDE_1.19.0/STM32CubeIDE/plugins/com.st.stm32cube.ide.mcu.externaltools.gnu-tools-for-stm32.13.3.rel1.win32_1.0.0.202411081344/tools/bin/../lib/gcc/arm-none-eabi/13.3.1/thumb/v7-m/nofp\libgcc.a
LOAD C:/ST/STM32CubeIDE_1.19.0/STM32CubeIDE/plugins/com.st.stm32cube.ide.mcu.externaltools.gnu-tools-for-stm32.13.3.rel1.win32_1.0.0.202411081344/tools/bin/../lib/gcc/arm-none-eabi/13.3.1/../../../../arm-none-eabi/lib/thumb/v7-m/nofp\libc_nano.a
LOAD C:/ST/STM32CubeIDE_1.19.0/STM32CubeIDE/plugins/com.st.stm32cube.ide.mcu.externaltools.gnu-tools-for-stm32.13.3.rel1.win32_1.0.0.202411081344/tools/bin/../lib/gcc/arm-none-eabi/13.3.1/../../../../arm-none-eabi/lib/thumb/v7-m/nofp\librdimon_nano.a
END GROUP
START GROUP
LOAD C:/ST/STM32CubeIDE_1.19.0/STM32CubeIDE/plugins/com.st.stm32cube.ide.mcu.externaltools.gnu-tools-for-stm32.13.3.rel1.win32_1.0.0.202411081344/tools/bin/../lib/gcc/arm-none-eabi/13.3.1/thumb/v7-m/nofp\libgcc.a
LOAD C:/ST/STM32CubeIDE_1.19.0/STM32CubeIDE/plugins/com.st.stm32cube.ide.mcu.externaltools.gnu-tools-for-stm32.13.3.rel1.win32_1.0.0.202411081344/tools/bin/../lib/gcc/arm-none-eabi/13.3.1/../../../../arm-none-eabi/lib/thumb/v7-m/nofp\libc_nano.a
LOAD C:/ST/STM32CubeIDE_1.19.0/STM32CubeIDE/plugins/com.st.stm32cube.ide.mcu.externaltools.gnu-tools-for-stm32.13.3.rel1.win32_1.0.0.202411081344/tools/bin/../lib/gcc/arm-none-eabi/13.3.1/../../../../arm-none-eabi/lib/thumb/v7-m/nofp\librdimon_nano.a
LOAD C:/ST/STM32CubeIDE_1.19.0/STM32CubeIDE/plugins/com.st.stm32cube.ide.mcu.externaltools.gnu-tools-for-stm32.13.3.rel1.win32_1.0.0.202411081344/tools/bin/../lib/gcc/arm-none-eabi/13.3.1/../../../../arm-none-eabi/lib/thumb/v7-m/nofp\libnosys.a
END GROUP
LOAD C:/ST/STM32CubeIDE_1.19.0/STM32CubeIDE/plugins/com.st.stm32cube.ide.mcu.externaltools.gnu-tools-for-stm32.13.3.rel1.win32_1.0.0.202411081344/tools/bin/../lib/gcc/arm-none-eabi/13.3.1/thumb/v7-m/nofp/crtend.o
LOAD C:/ST/STM32CubeIDE_1.19.0/STM32CubeIDE/plugins/com.st.stm32cube.ide.mcu.externaltools.gnu-tools-for-stm32.13.3.rel1.win32_1.0.0.202411081344/tools/bin/../lib/gcc/arm-none-eabi/13.3.1/thumb/v7-m/nofp/crtn.o
                0x20005000                        _estack = (ORIGIN (RAM) + LENGTH (RAM))
                0x00000200                        _Min_Heap_Size = 0x200
                0x00000400                        _Min_Stack_Size = 0x400

.isr_vector     0x08000000      0x10c
                0x08000000                        . = ALIGN (0x4)
 *(.isr_vector)
 .isr_vector    0x08000000      0x10c ./Core/Startup/startup_stm32f103rbtx.o
                0x08000000                g_pfnVectors
                0x0800010c                        . = ALIGN (0x4)

.text           0x0800010c     0x9bf0
                0x0800010c                        . = ALIGN (0x4)
 *(.text)
 .text          0x0800010c       0x40 C:/ST/STM32CubeIDE_1.19.0/STM32CubeIDE/plugins/com.st.stm32cube.ide.mcu.externaltools.gnu-tools-for-stm32.13.3.rel1.win32_1.0.0.202411081344/tools/bin/../lib/gcc/arm-none-eabi/13.3.1/thumb/v7-m/nofp/crtbegin.o
 .text          0x0800014c       0x14 C:/ST/STM32CubeIDE_1.19.0/STM32CubeIDE/plugins/com.st.stm32cube.ide.mcu.externaltools.gnu-tools-for-stm32.13.3.rel1.win32_1.0.0.202411081344/tools/bin/../lib/gcc/arm-none-eabi/13.3.1/../../../../arm-none-eabi/lib/thumb/v7-m/nofp\libc_nano.a(libc_a-strcmp.o)
                0x0800014c                strcmp
 .text          0x08000160       0x10 C:/ST/STM32CubeIDE_1.19.0/STM32CubeIDE/plugins/com.st.stm32cube.ide.mcu.externaltools.gnu-tools-for-stm32.13.3.rel1.win32_1.0.0.202411081344/tools/bin/../lib/gcc/arm-none-eabi/13.3.1/../../../../arm-none-eabi/lib/thumb/v7-m/nofp\libc_nano.a(libc_a-strlen.o)
                0x08000160                strlen
 .text          0x08000170      0x21c C:/ST/STM32CubeIDE_1.19.0/STM32CubeIDE/plugins/com.st.stm32cube.ide.mcu.externaltools.gnu-tools-for-stm32.13.3.rel1.win32_1.0.0.202411081344/tools/bin/../lib/gcc/arm-none-eabi/13.3.1/thumb/v7-m/nofp\libgcc.a(_arm_addsubsf3.o)
                0x08000170                __aeabi_frsub
                0x08000178                __subsf3
                0x08000178                __aeabi_fsub
                0x0800017c                __aeabi_fadd
                0x0800017c                __addsf3
                0x080002dc                __aeabi_ui2f
                0x080002dc                __floatunsisf
                0x080002e4                __aeabi_i2f
                0x080002e4                __floatsisf
                0x08000300                __aeabi_ul2f
                0x08000300                __floatundisf
                0x08000310                __aeabi_l2f
                0x08000310                __floatdisf
 .text          0x0800038c      0x2a0 C:/ST/STM32CubeIDE_1.19.0/STM32CubeIDE/plugins/com.st.stm32cube.ide.mcu.externaltools.gnu-tools-for-stm32.13.3.rel1.win32_1.0.0.202411081344/tools/bin/../lib/gcc/arm-none-eabi/13.3.1/thumb/v7-m/nofp\libgcc.a(_arm_muldivsf3.o)
                0x0800038c                __mulsf3
                0x0800038c                __aeabi_fmul
                0x080004f4                __aeabi_fdiv
                0x080004f4                __divsf3
 .text          0x0800062c       0xec C:/ST/STM32CubeIDE_1.19.0/STM32CubeIDE/plugins/com.st.stm32cube.ide.mcu.externaltools.gnu-tools-for-stm32.13.3.rel1.win32_1.0.0.202411081344/tools/bin/../lib/gcc/arm-none-eabi/13.3.1/thumb/v7-m/nofp\libgcc.a(_arm_cmpsf2.o)
                0x0800062c                __gesf2
                0x0800062c                __gtsf2
                0x08000634                __lesf2
                0x08000634                __ltsf2
                0x0800063c                __nesf2
                0x0800063c                __eqsf2
                0x0800063c                __cmpsf2
                0x0800069c                __aeabi_cfrcmple
                0x080006a4                __aeabi_cfcmpeq
                0x080006a4                __aeabi_cfcmple
                0x080006b4                __aeabi_fcmpeq
                0x080006c8                __aeabi_fcmplt
                0x080006dc                __aeabi_fcmple
                0x080006f0                __aeabi_fcmpge
                0x08000704                __aeabi_fcmpgt
 .text          0x08000718       0x40 C:/ST/STM32CubeIDE_1.19.0/STM32CubeIDE/plugins/com.st.stm32cube.ide.mcu.externaltools.gnu-tools-for-stm32.13.3.rel1.win32_1.0.0.202411081344/tools/bin/../lib/gcc/arm-none-eabi/13.3.1/thumb/v7-m/nofp\libgcc.a(_arm_fixunssfsi.o)
                0x08000718                __fixunssfsi
                0x08000718                __aeabi_f2uiz
 *(.text*)
 .text.main     0x08000758       0x36 ./Core/Src/main.o
                0x08000758                main
 .text.SystemClock_Config
                0x0800078e       0x82 ./Core/Src/main.o
                0x0800078e                SystemClock_Config
 .text.MX_I2C1_Init
                0x08000810       0x5c ./Core/Src/main.o
 .text.MX_TIM1_Init
                0x0800086c       0xa0 ./Core/Src/main.o
 .text.MX_TIM3_Init
                0x0800090c       0xec ./Core/Src/main.o
 .text.MX_TIM4_Init
                0x080009f8       0xec ./Core/Src/main.o
 .text.MX_USART3_UART_Init
                0x08000ae4       0x54 ./Core/Src/main.o
 .text.MX_DMA_Init
                0x08000b38       0x4c ./Core/Src/main.o
 .text.MX_GPIO_Init
                0x08000b84      0x13c ./Core/Src/main.o
 .text.Error_Handler
                0x08000cc0        0xc ./Core/Src/main.o
                0x08000cc0                Error_Handler
 .text.HAL_MspInit
                0x08000ccc       0x64 ./Core/Src/stm32f1xx_hal_msp.o
                0x08000ccc                HAL_MspInit
 .text.HAL_I2C_MspInit
                0x08000d30       0xa0 ./Core/Src/stm32f1xx_hal_msp.o
                0x08000d30                HAL_I2C_MspInit
 .text.HAL_TIM_Base_MspInit
                0x08000dd0       0xcc ./Core/Src/stm32f1xx_hal_msp.o
                0x08000dd0                HAL_TIM_Base_MspInit
 .text.HAL_TIM_MspPostInit
                0x08000e9c       0xcc ./Core/Src/stm32f1xx_hal_msp.o
                0x08000e9c                HAL_TIM_MspPostInit
 .text.HAL_UART_MspInit
                0x08000f68      0x17c ./Core/Src/stm32f1xx_hal_msp.o
                0x08000f68                HAL_UART_MspInit
 .text.NMI_Handler
                0x080010e4        0x8 ./Core/Src/stm32f1xx_it.o
                0x080010e4                NMI_Handler
 .text.HardFault_Handler
                0x080010ec        0x8 ./Core/Src/stm32f1xx_it.o
                0x080010ec                HardFault_Handler
 .text.MemManage_Handler
                0x080010f4        0x8 ./Core/Src/stm32f1xx_it.o
                0x080010f4                MemManage_Handler
 .text.BusFault_Handler
                0x080010fc        0x8 ./Core/Src/stm32f1xx_it.o
                0x080010fc                BusFault_Handler
 .text.UsageFault_Handler
                0x08001104        0x8 ./Core/Src/stm32f1xx_it.o
                0x08001104                UsageFault_Handler
 .text.SVC_Handler
                0x0800110c        0xc ./Core/Src/stm32f1xx_it.o
                0x0800110c                SVC_Handler
 .text.DebugMon_Handler
                0x08001118        0xc ./Core/Src/stm32f1xx_it.o
                0x08001118                DebugMon_Handler
 .text.PendSV_Handler
                0x08001124        0xc ./Core/Src/stm32f1xx_it.o
                0x08001124                PendSV_Handler
 .text.SysTick_Handler
                0x08001130       0x10 ./Core/Src/stm32f1xx_it.o
                0x08001130                SysTick_Handler
 .text.DMA1_Channel2_IRQHandler
                0x08001140       0x14 ./Core/Src/stm32f1xx_it.o
                0x08001140                DMA1_Channel2_IRQHandler
 .text.DMA1_Channel3_IRQHandler
                0x08001154       0x14 ./Core/Src/stm32f1xx_it.o
                0x08001154                DMA1_Channel3_IRQHandler
 .text.TIM1_BRK_IRQHandler
                0x08001168       0x14 ./Core/Src/stm32f1xx_it.o
                0x08001168                TIM1_BRK_IRQHandler
 .text.TIM1_UP_IRQHandler
                0x0800117c       0x14 ./Core/Src/stm32f1xx_it.o
                0x0800117c                TIM1_UP_IRQHandler
 .text.TIM1_TRG_COM_IRQHandler
                0x08001190       0x14 ./Core/Src/stm32f1xx_it.o
                0x08001190                TIM1_TRG_COM_IRQHandler
 .text.TIM1_CC_IRQHandler
                0x080011a4       0x14 ./Core/Src/stm32f1xx_it.o
                0x080011a4                TIM1_CC_IRQHandler
 .text.USART3_IRQHandler
                0x080011b8       0x14 ./Core/Src/stm32f1xx_it.o
                0x080011b8                USART3_IRQHandler
 .text.EXTI15_10_IRQHandler
                0x080011cc       0x18 ./Core/Src/stm32f1xx_it.o
                0x080011cc                EXTI15_10_IRQHandler
 .text._sbrk    0x080011e4       0x6c ./Core/Src/sysmem.o
                0x080011e4                _sbrk
 .text.SystemInit
                0x08001250        0xc ./Core/Src/system_stm32f1xx.o
                0x08001250                SystemInit
 .text.Reset_Handler
                0x0800125c       0x48 ./Core/Startup/startup_stm32f103rbtx.o
                0x0800125c                Reset_Handler
 .text.Default_Handler
                0x080012a4        0x2 ./Core/Startup/startup_stm32f103rbtx.o
                0x080012a4                RTC_Alarm_IRQHandler
                0x080012a4                EXTI2_IRQHandler
                0x080012a4                PVD_IRQHandler
                0x080012a4                EXTI3_IRQHandler
                0x080012a4                EXTI0_IRQHandler
                0x080012a4                I2C2_EV_IRQHandler
                0x080012a4                ADC1_2_IRQHandler
                0x080012a4                SPI1_IRQHandler
                0x080012a4                TAMPER_IRQHandler
                0x080012a4                DMA1_Channel4_IRQHandler
                0x080012a4                RTC_IRQHandler
                0x080012a4                DMA1_Channel7_IRQHandler
                0x080012a4                CAN1_RX1_IRQHandler
                0x080012a4                TIM4_IRQHandler
                0x080012a4                I2C1_EV_IRQHandler
                0x080012a4                DMA1_Channel6_IRQHandler
                0x080012a4                TIM3_IRQHandler
                0x080012a4                RCC_IRQHandler
                0x080012a4                DMA1_Channel1_IRQHandler
                0x080012a4                Default_Handler
                0x080012a4                EXTI9_5_IRQHandler
                0x080012a4                SPI2_IRQHandler
                0x080012a4                DMA1_Channel5_IRQHandler
                0x080012a4                EXTI4_IRQHandler
                0x080012a4                USB_LP_CAN1_RX0_IRQHandler
                0x080012a4                USB_HP_CAN1_TX_IRQHandler
                0x080012a4                WWDG_IRQHandler
                0x080012a4                TIM2_IRQHandler
                0x080012a4                EXTI1_IRQHandler
                0x080012a4                USART2_IRQHandler
                0x080012a4                I2C2_ER_IRQHandler
                0x080012a4                CAN1_SCE_IRQHandler
                0x080012a4                FLASH_IRQHandler
                0x080012a4                USART1_IRQHandler
                0x080012a4                I2C1_ER_IRQHandler
                0x080012a4                USBWakeUp_IRQHandler
 *fill*         0x080012a6        0x2 
 .text.HAL_Init
                0x080012a8       0x2c ./Drivers/STM32F1xx_HAL_Driver/Src/stm32f1xx_hal.o
                0x080012a8                HAL_Init
 .text.HAL_InitTick
                0x080012d4       0x60 ./Drivers/STM32F1xx_HAL_Driver/Src/stm32f1xx_hal.o
                0x080012d4                HAL_InitTick
 .text.HAL_IncTick
                0x08001334       0x24 ./Drivers/STM32F1xx_HAL_Driver/Src/stm32f1xx_hal.o
                0x08001334                HAL_IncTick
 .text.HAL_GetTick
                0x08001358       0x14 ./Drivers/STM32F1xx_HAL_Driver/Src/stm32f1xx_hal.o
                0x08001358                HAL_GetTick
 .text.HAL_Delay
                0x0800136c       0x48 ./Drivers/STM32F1xx_HAL_Driver/Src/stm32f1xx_hal.o
                0x0800136c                HAL_Delay
 .text.__NVIC_SetPriorityGrouping
                0x080013b4       0x48 ./Drivers/STM32F1xx_HAL_Driver/Src/stm32f1xx_hal_cortex.o
 .text.__NVIC_GetPriorityGrouping
                0x080013fc       0x1c ./Drivers/STM32F1xx_HAL_Driver/Src/stm32f1xx_hal_cortex.o
 .text.__NVIC_EnableIRQ
                0x08001418       0x38 ./Drivers/STM32F1xx_HAL_Driver/Src/stm32f1xx_hal_cortex.o
 .text.__NVIC_SetPriority
                0x08001450       0x54 ./Drivers/STM32F1xx_HAL_Driver/Src/stm32f1xx_hal_cortex.o
 .text.NVIC_EncodePriority
                0x080014a4       0x64 ./Drivers/STM32F1xx_HAL_Driver/Src/stm32f1xx_hal_cortex.o
 .text.SysTick_Config
                0x08001508       0x44 ./Drivers/STM32F1xx_HAL_Driver/Src/stm32f1xx_hal_cortex.o
 .text.HAL_NVIC_SetPriorityGrouping
                0x0800154c       0x16 ./Drivers/STM32F1xx_HAL_Driver/Src/stm32f1xx_hal_cortex.o
                0x0800154c                HAL_NVIC_SetPriorityGrouping
 .text.HAL_NVIC_SetPriority
                0x08001562       0x38 ./Drivers/STM32F1xx_HAL_Driver/Src/stm32f1xx_hal_cortex.o
                0x08001562                HAL_NVIC_SetPriority
 .text.HAL_NVIC_EnableIRQ
                0x0800159a       0x1c ./Drivers/STM32F1xx_HAL_Driver/Src/stm32f1xx_hal_cortex.o
                0x0800159a                HAL_NVIC_EnableIRQ
 .text.HAL_SYSTICK_Config
                0x080015b6       0x18 ./Drivers/STM32F1xx_HAL_Driver/Src/stm32f1xx_hal_cortex.o
                0x080015b6                HAL_SYSTICK_Config
 .text.HAL_SYSTICK_IRQHandler
                0x080015ce        0xc ./Drivers/STM32F1xx_HAL_Driver/Src/stm32f1xx_hal_cortex.o
                0x080015ce                HAL_SYSTICK_IRQHandler
 *fill*         0x080015da        0x2 
 .text.HAL_DMA_Init
                0x080015dc       0xb4 ./Drivers/STM32F1xx_HAL_Driver/Src/stm32f1xx_hal_dma.o
                0x080015dc                HAL_DMA_Init
 .text.HAL_DMA_Start_IT
                0x08001690       0xc0 ./Drivers/STM32F1xx_HAL_Driver/Src/stm32f1xx_hal_dma.o
                0x08001690                HAL_DMA_Start_IT
 .text.HAL_DMA_Abort
                0x08001750       0x76 ./Drivers/STM32F1xx_HAL_Driver/Src/stm32f1xx_hal_dma.o
                0x08001750                HAL_DMA_Abort
 *fill*         0x080017c6        0x2 
 .text.HAL_DMA_Abort_IT
                0x080017c8       0xf0 ./Drivers/STM32F1xx_HAL_Driver/Src/stm32f1xx_hal_dma.o
                0x080017c8                HAL_DMA_Abort_IT
 .text.HAL_DMA_IRQHandler
                0x080018b8      0x20c ./Drivers/STM32F1xx_HAL_Driver/Src/stm32f1xx_hal_dma.o
                0x080018b8                HAL_DMA_IRQHandler
 .text.DMA_SetConfig
                0x08001ac4       0x5a ./Drivers/STM32F1xx_HAL_Driver/Src/stm32f1xx_hal_dma.o
 *fill*         0x08001b1e        0x2 
 .text.HAL_GPIO_Init
                0x08001b20      0x308 ./Drivers/STM32F1xx_HAL_Driver/Src/stm32f1xx_hal_gpio.o
                0x08001b20                HAL_GPIO_Init
 .text.HAL_GPIO_ReadPin
                0x08001e28       0x2e ./Drivers/STM32F1xx_HAL_Driver/Src/stm32f1xx_hal_gpio.o
                0x08001e28                HAL_GPIO_ReadPin
 .text.HAL_GPIO_WritePin
                0x08001e56       0x30 ./Drivers/STM32F1xx_HAL_Driver/Src/stm32f1xx_hal_gpio.o
                0x08001e56                HAL_GPIO_WritePin
 .text.HAL_GPIO_TogglePin
                0x08001e86       0x32 ./Drivers/STM32F1xx_HAL_Driver/Src/stm32f1xx_hal_gpio.o
                0x08001e86                HAL_GPIO_TogglePin
 .text.HAL_GPIO_EXTI_IRQHandler
                0x08001eb8       0x30 ./Drivers/STM32F1xx_HAL_Driver/Src/stm32f1xx_hal_gpio.o
                0x08001eb8                HAL_GPIO_EXTI_IRQHandler
 .text.HAL_GPIO_EXTI_Callback
                0x08001ee8       0x14 ./Drivers/STM32F1xx_HAL_Driver/Src/stm32f1xx_hal_gpio.o
                0x08001ee8                HAL_GPIO_EXTI_Callback
 .text.HAL_I2C_Init
                0x08001efc      0x288 ./Drivers/STM32F1xx_HAL_Driver/Src/stm32f1xx_hal_i2c.o
                0x08001efc                HAL_I2C_Init
 .text.HAL_I2C_Master_Transmit
                0x08002184      0x1fc ./Drivers/STM32F1xx_HAL_Driver/Src/stm32f1xx_hal_i2c.o
                0x08002184                HAL_I2C_Master_Transmit
 .text.I2C_MasterRequestWrite
                0x08002380      0x104 ./Drivers/STM32F1xx_HAL_Driver/Src/stm32f1xx_hal_i2c.o
 .text.I2C_WaitOnFlagUntilTimeout
                0x08002484       0xf4 ./Drivers/STM32F1xx_HAL_Driver/Src/stm32f1xx_hal_i2c.o
 .text.I2C_WaitOnMasterAddressFlagUntilTimeout
                0x08002578      0x140 ./Drivers/STM32F1xx_HAL_Driver/Src/stm32f1xx_hal_i2c.o
 .text.I2C_WaitOnTXEFlagUntilTimeout
                0x080026b8       0x90 ./Drivers/STM32F1xx_HAL_Driver/Src/stm32f1xx_hal_i2c.o
 .text.I2C_WaitOnBTFFlagUntilTimeout
                0x08002748       0x90 ./Drivers/STM32F1xx_HAL_Driver/Src/stm32f1xx_hal_i2c.o
 .text.I2C_IsAcknowledgeFailed
                0x080027d8       0x5c ./Drivers/STM32F1xx_HAL_Driver/Src/stm32f1xx_hal_i2c.o
 .text.HAL_RCC_OscConfig
                0x08002834      0x504 ./Drivers/STM32F1xx_HAL_Driver/Src/stm32f1xx_hal_rcc.o
                0x08002834                HAL_RCC_OscConfig
 .text.HAL_RCC_ClockConfig
                0x08002d38      0x1d4 ./Drivers/STM32F1xx_HAL_Driver/Src/stm32f1xx_hal_rcc.o
                0x08002d38                HAL_RCC_ClockConfig
 .text.HAL_RCC_GetSysClockFreq
                0x08002f0c       0xa8 ./Drivers/STM32F1xx_HAL_Driver/Src/stm32f1xx_hal_rcc.o
                0x08002f0c                HAL_RCC_GetSysClockFreq
 .text.HAL_RCC_GetHCLKFreq
                0x08002fb4       0x14 ./Drivers/STM32F1xx_HAL_Driver/Src/stm32f1xx_hal_rcc.o
                0x08002fb4                HAL_RCC_GetHCLKFreq
 .text.HAL_RCC_GetPCLK1Freq
                0x08002fc8       0x28 ./Drivers/STM32F1xx_HAL_Driver/Src/stm32f1xx_hal_rcc.o
                0x08002fc8                HAL_RCC_GetPCLK1Freq
 .text.HAL_RCC_GetPCLK2Freq
                0x08002ff0       0x28 ./Drivers/STM32F1xx_HAL_Driver/Src/stm32f1xx_hal_rcc.o
                0x08002ff0                HAL_RCC_GetPCLK2Freq
 .text.RCC_Delay
                0x08003018       0x3c ./Drivers/STM32F1xx_HAL_Driver/Src/stm32f1xx_hal_rcc.o
 .text.HAL_TIM_Base_Init
                0x08003054       0xb8 ./Drivers/STM32F1xx_HAL_Driver/Src/stm32f1xx_hal_tim.o
                0x08003054                HAL_TIM_Base_Init
 .text.HAL_TIM_Base_Start_IT
                0x0800310c       0xa4 ./Drivers/STM32F1xx_HAL_Driver/Src/stm32f1xx_hal_tim.o
                0x0800310c                HAL_TIM_Base_Start_IT
 .text.HAL_TIM_Base_Stop_IT
                0x080031b0       0x5c ./Drivers/STM32F1xx_HAL_Driver/Src/stm32f1xx_hal_tim.o
                0x080031b0                HAL_TIM_Base_Stop_IT
 .text.HAL_TIM_PWM_Init
                0x0800320c       0xb8 ./Drivers/STM32F1xx_HAL_Driver/Src/stm32f1xx_hal_tim.o
                0x0800320c                HAL_TIM_PWM_Init
 .text.HAL_TIM_PWM_MspInit
                0x080032c4       0x12 ./Drivers/STM32F1xx_HAL_Driver/Src/stm32f1xx_hal_tim.o
                0x080032c4                HAL_TIM_PWM_MspInit
 *fill*         0x080032d6        0x2 
 .text.HAL_TIM_PWM_Start
                0x080032d8      0x144 ./Drivers/STM32F1xx_HAL_Driver/Src/stm32f1xx_hal_tim.o
                0x080032d8                HAL_TIM_PWM_Start
 .text.HAL_TIM_IRQHandler
                0x0800341c      0x220 ./Drivers/STM32F1xx_HAL_Driver/Src/stm32f1xx_hal_tim.o
                0x0800341c                HAL_TIM_IRQHandler
 .text.HAL_TIM_PWM_ConfigChannel
                0x0800363c      0x184 ./Drivers/STM32F1xx_HAL_Driver/Src/stm32f1xx_hal_tim.o
                0x0800363c                HAL_TIM_PWM_ConfigChannel
 .text.HAL_TIM_ConfigClockSource
                0x080037c0      0x18e ./Drivers/STM32F1xx_HAL_Driver/Src/stm32f1xx_hal_tim.o
                0x080037c0                HAL_TIM_ConfigClockSource
 .text.HAL_TIM_PeriodElapsedCallback
                0x0800394e       0x12 ./Drivers/STM32F1xx_HAL_Driver/Src/stm32f1xx_hal_tim.o
                0x0800394e                HAL_TIM_PeriodElapsedCallback
 .text.HAL_TIM_PeriodElapsedHalfCpltCallback
                0x08003960       0x12 ./Drivers/STM32F1xx_HAL_Driver/Src/stm32f1xx_hal_tim.o
                0x08003960                HAL_TIM_PeriodElapsedHalfCpltCallback
 .text.HAL_TIM_OC_DelayElapsedCallback
                0x08003972       0x12 ./Drivers/STM32F1xx_HAL_Driver/Src/stm32f1xx_hal_tim.o
                0x08003972                HAL_TIM_OC_DelayElapsedCallback
 .text.HAL_TIM_IC_CaptureCallback
                0x08003984       0x12 ./Drivers/STM32F1xx_HAL_Driver/Src/stm32f1xx_hal_tim.o
                0x08003984                HAL_TIM_IC_CaptureCallback
 .text.HAL_TIM_IC_CaptureHalfCpltCallback
                0x08003996       0x12 ./Drivers/STM32F1xx_HAL_Driver/Src/stm32f1xx_hal_tim.o
                0x08003996                HAL_TIM_IC_CaptureHalfCpltCallback
 .text.HAL_TIM_PWM_PulseFinishedCallback
                0x080039a8       0x12 ./Drivers/STM32F1xx_HAL_Driver/Src/stm32f1xx_hal_tim.o
                0x080039a8                HAL_TIM_PWM_PulseFinishedCallback
 .text.HAL_TIM_PWM_PulseFinishedHalfCpltCallback
                0x080039ba       0x12 ./Drivers/STM32F1xx_HAL_Driver/Src/stm32f1xx_hal_tim.o
                0x080039ba                HAL_TIM_PWM_PulseFinishedHalfCpltCallback
 .text.HAL_TIM_TriggerCallback
                0x080039cc       0x12 ./Drivers/STM32F1xx_HAL_Driver/Src/stm32f1xx_hal_tim.o
                0x080039cc                HAL_TIM_TriggerCallback
 .text.HAL_TIM_TriggerHalfCpltCallback
                0x080039de       0x12 ./Drivers/STM32F1xx_HAL_Driver/Src/stm32f1xx_hal_tim.o
                0x080039de                HAL_TIM_TriggerHalfCpltCallback
 .text.HAL_TIM_ErrorCallback
                0x080039f0       0x12 ./Drivers/STM32F1xx_HAL_Driver/Src/stm32f1xx_hal_tim.o
                0x080039f0                HAL_TIM_ErrorCallback
 *fill*         0x08003a02        0x2 
 .text.HAL_TIM_RegisterCallback
                0x08003a04      0x274 ./Drivers/STM32F1xx_HAL_Driver/Src/stm32f1xx_hal_tim.o
                0x08003a04                HAL_TIM_RegisterCallback
 .text.TIM_Base_SetConfig
                0x08003c78       0xdc ./Drivers/STM32F1xx_HAL_Driver/Src/stm32f1xx_hal_tim.o
                0x08003c78                TIM_Base_SetConfig
 .text.TIM_OC1_SetConfig
                0x08003d54       0xcc ./Drivers/STM32F1xx_HAL_Driver/Src/stm32f1xx_hal_tim.o
 .text.TIM_OC2_SetConfig
                0x08003e20       0xd4 ./Drivers/STM32F1xx_HAL_Driver/Src/stm32f1xx_hal_tim.o
                0x08003e20                TIM_OC2_SetConfig
 .text.TIM_OC3_SetConfig
                0x08003ef4       0xd4 ./Drivers/STM32F1xx_HAL_Driver/Src/stm32f1xx_hal_tim.o
 .text.TIM_OC4_SetConfig
                0x08003fc8       0x9c ./Drivers/STM32F1xx_HAL_Driver/Src/stm32f1xx_hal_tim.o
 .text.TIM_TI1_ConfigInputStage
                0x08004064       0x5c ./Drivers/STM32F1xx_HAL_Driver/Src/stm32f1xx_hal_tim.o
 .text.TIM_TI2_ConfigInputStage
                0x080040c0       0x5e ./Drivers/STM32F1xx_HAL_Driver/Src/stm32f1xx_hal_tim.o
 .text.TIM_ITRx_SetConfig
                0x0800411e       0x34 ./Drivers/STM32F1xx_HAL_Driver/Src/stm32f1xx_hal_tim.o
 .text.TIM_ETR_SetConfig
                0x08004152       0x3e ./Drivers/STM32F1xx_HAL_Driver/Src/stm32f1xx_hal_tim.o
                0x08004152                TIM_ETR_SetConfig
 .text.TIM_CCxChannelCmd
                0x08004190       0x48 ./Drivers/STM32F1xx_HAL_Driver/Src/stm32f1xx_hal_tim.o
                0x08004190                TIM_CCxChannelCmd
 .text.TIM_ResetCallback
                0x080041d8       0xb0 ./Drivers/STM32F1xx_HAL_Driver/Src/stm32f1xx_hal_tim.o
                0x080041d8                TIM_ResetCallback
 .text.HAL_TIMEx_MasterConfigSynchronization
                0x08004288       0xbc ./Drivers/STM32F1xx_HAL_Driver/Src/stm32f1xx_hal_tim_ex.o
                0x08004288                HAL_TIMEx_MasterConfigSynchronization
 .text.HAL_TIMEx_CommutCallback
                0x08004344       0x12 ./Drivers/STM32F1xx_HAL_Driver/Src/stm32f1xx_hal_tim_ex.o
                0x08004344                HAL_TIMEx_CommutCallback
 .text.HAL_TIMEx_CommutHalfCpltCallback
                0x08004356       0x12 ./Drivers/STM32F1xx_HAL_Driver/Src/stm32f1xx_hal_tim_ex.o
                0x08004356                HAL_TIMEx_CommutHalfCpltCallback
 .text.HAL_TIMEx_BreakCallback
                0x08004368       0x12 ./Drivers/STM32F1xx_HAL_Driver/Src/stm32f1xx_hal_tim_ex.o
                0x08004368                HAL_TIMEx_BreakCallback
 .text.HAL_UART_Init
                0x0800437a       0xa0 ./Drivers/STM32F1xx_HAL_Driver/Src/stm32f1xx_hal_uart.o
                0x0800437a                HAL_UART_Init
 *fill*         0x0800441a        0x2 
 .text.HAL_UART_Transmit_DMA
                0x0800441c       0xe0 ./Drivers/STM32F1xx_HAL_Driver/Src/stm32f1xx_hal_uart.o
                0x0800441c                HAL_UART_Transmit_DMA
 .text.HAL_UART_Receive_DMA
                0x080044fc       0x4a ./Drivers/STM32F1xx_HAL_Driver/Src/stm32f1xx_hal_uart.o
                0x080044fc                HAL_UART_Receive_DMA
 *fill*         0x08004546        0x2 
 .text.HAL_UART_IRQHandler
                0x08004548      0x524 ./Drivers/STM32F1xx_HAL_Driver/Src/stm32f1xx_hal_uart.o
                0x08004548                HAL_UART_IRQHandler
 .text.HAL_UART_TxCpltCallback
                0x08004a6c       0x12 ./Drivers/STM32F1xx_HAL_Driver/Src/stm32f1xx_hal_uart.o
                0x08004a6c                HAL_UART_TxCpltCallback
 .text.HAL_UART_TxHalfCpltCallback
                0x08004a7e       0x12 ./Drivers/STM32F1xx_HAL_Driver/Src/stm32f1xx_hal_uart.o
                0x08004a7e                HAL_UART_TxHalfCpltCallback
 .text.HAL_UART_RxHalfCpltCallback
                0x08004a90       0x12 ./Drivers/STM32F1xx_HAL_Driver/Src/stm32f1xx_hal_uart.o
                0x08004a90                HAL_UART_RxHalfCpltCallback
 .text.HAL_UART_ErrorCallback
                0x08004aa2       0x12 ./Drivers/STM32F1xx_HAL_Driver/Src/stm32f1xx_hal_uart.o
                0x08004aa2                HAL_UART_ErrorCallback
 .text.HAL_UARTEx_RxEventCallback
                0x08004ab4       0x16 ./Drivers/STM32F1xx_HAL_Driver/Src/stm32f1xx_hal_uart.o
                0x08004ab4                HAL_UARTEx_RxEventCallback
 .text.UART_DMATransmitCplt
                0x08004aca       0x9a ./Drivers/STM32F1xx_HAL_Driver/Src/stm32f1xx_hal_uart.o
 .text.UART_DMATxHalfCplt
                0x08004b64       0x1c ./Drivers/STM32F1xx_HAL_Driver/Src/stm32f1xx_hal_uart.o
 .text.UART_DMAReceiveCplt
                0x08004b80      0x12c ./Drivers/STM32F1xx_HAL_Driver/Src/stm32f1xx_hal_uart.o
 .text.UART_DMARxHalfCplt
                0x08004cac       0x3c ./Drivers/STM32F1xx_HAL_Driver/Src/stm32f1xx_hal_uart.o
 .text.UART_DMAError
                0x08004ce8       0x94 ./Drivers/STM32F1xx_HAL_Driver/Src/stm32f1xx_hal_uart.o
 .text.UART_Start_Receive_DMA
                0x08004d7c      0x134 ./Drivers/STM32F1xx_HAL_Driver/Src/stm32f1xx_hal_uart.o
                0x08004d7c                UART_Start_Receive_DMA
 .text.UART_EndTxTransfer
                0x08004eb0       0x4e ./Drivers/STM32F1xx_HAL_Driver/Src/stm32f1xx_hal_uart.o
 .text.UART_EndRxTransfer
                0x08004efe       0xc4 ./Drivers/STM32F1xx_HAL_Driver/Src/stm32f1xx_hal_uart.o
 .text.UART_DMAAbortOnError
                0x08004fc2       0x28 ./Drivers/STM32F1xx_HAL_Driver/Src/stm32f1xx_hal_uart.o
 .text.UART_Transmit_IT
                0x08004fea       0x9e ./Drivers/STM32F1xx_HAL_Driver/Src/stm32f1xx_hal_uart.o
 .text.UART_EndTransmit_IT
                0x08005088       0x30 ./Drivers/STM32F1xx_HAL_Driver/Src/stm32f1xx_hal_uart.o
 .text.UART_Receive_IT
                0x080050b8      0x17c ./Drivers/STM32F1xx_HAL_Driver/Src/stm32f1xx_hal_uart.o
 .text.UART_SetConfig
                0x08005234      0x11c ./Drivers/STM32F1xx_HAL_Driver/Src/stm32f1xx_hal_uart.o
 .text.app_init
                0x08005350      0x234 ./app/src/app.o
                0x08005350                app_init
 .text.app_update
                0x08005584      0x180 ./app/src/app.o
                0x08005584                app_update
 .text.HAL_SYSTICK_Callback
                0x08005704       0x1c ./app/src/app.o
                0x08005704                HAL_SYSTICK_Callback
 .text.ds18b20_init
                0x08005720       0x26 ./app/src/ds18b20.o
                0x08005720                ds18b20_init
 .text.ds18b20_is_busy
                0x08005746       0x1a ./app/src/ds18b20.o
                0x08005746                ds18b20_is_busy
 .text.ds18b20_update_rom_id
                0x08005760       0x1a ./app/src/ds18b20.o
                0x08005760                ds18b20_update_rom_id
 .text.ds18b20_cnv
                0x0800577a       0x2c ./app/src/ds18b20.o
                0x0800577a                ds18b20_cnv
 .text.ds18b20_is_cnv_done
                0x080057a6       0x2c ./app/src/ds18b20.o
                0x080057a6                ds18b20_is_cnv_done
 .text.ds18b20_req_read
                0x080057d2       0x22 ./app/src/ds18b20.o
                0x080057d2                ds18b20_req_read
 .text.ds18b20_read_c
                0x080057f4      0x144 ./app/src/ds18b20.o
                0x080057f4                ds18b20_read_c
 .text.lcd_send_cmd
                0x08005938       0x60 ./app/src/i2c_lcd.o
                0x08005938                lcd_send_cmd
 .text.lcd_send_data
                0x08005998       0x60 ./app/src/i2c_lcd.o
                0x08005998                lcd_send_data
 .text.lcd_put_cur
                0x080059f8       0x3e ./app/src/i2c_lcd.o
                0x080059f8                lcd_put_cur
 .text.lcd_send_string
                0x08005a36       0x2a ./app/src/i2c_lcd.o
                0x08005a36                lcd_send_string
 .text.lcd_init
                0x08005a60       0x74 ./app/src/i2c_lcd.o
                0x08005a60                lcd_init
 .text.logger_log_print_
                0x08005ad4       0x28 ./app/src/logger.o
                0x08005ad4                logger_log_print_
 .text.ow_init  0x08005afc       0x78 ./app/src/ow.o
                0x08005afc                ow_init
 .text.ow_callback
                0x08005b74      0x458 ./app/src/ow.o
                0x08005b74                ow_callback
 .text.ow_crc   0x08005fcc       0x6e ./app/src/ow.o
                0x08005fcc                ow_crc
 .text.ow_is_busy
                0x0800603a       0x22 ./app/src/ow.o
                0x0800603a                ow_is_busy
 .text.ow_update_rom_id
                0x0800605c       0x54 ./app/src/ow.o
                0x0800605c                ow_update_rom_id
 .text.ow_xfer  0x080060b0       0xd6 ./app/src/ow.o
                0x080060b0                ow_xfer
 .text.ow_read_resp
                0x08006186       0x80 ./app/src/ow.o
                0x08006186                ow_read_resp
 .text.ow_start
                0x08006206       0xa8 ./app/src/ow.o
                0x08006206                ow_start
 .text.ow_stop  0x080062ae       0x58 ./app/src/ow.o
                0x080062ae                ow_stop
 *fill*         0x08006306        0x2 
 .text.task_actuator_init
                0x08006308      0x240 ./app/src/task_actuator.o
                0x08006308                task_actuator_init
 .text.task_actuator_update
                0x08006548       0x40 ./app/src/task_actuator.o
                0x08006548                task_actuator_update
 .text.task_actuator_sc_generic
                0x08006588       0xcc ./app/src/task_actuator.o
                0x08006588                task_actuator_sc_generic
 .text.task_actuator_sc_buzzer
                0x08006654      0x1d4 ./app/src/task_actuator.o
                0x08006654                task_actuator_sc_buzzer
 .text.put_event_task_actuator
                0x08006828       0x34 ./app/src/task_actuator_interface.o
                0x08006828                put_event_task_actuator
 .text.task_bluetooth_init
                0x0800685c      0x154 ./app/src/task_bluetooth.o
                0x0800685c                task_bluetooth_init
 .text.task_bluetooth_update
                0x080069b0       0x12 ./app/src/task_bluetooth.o
                0x080069b0                task_bluetooth_update
 *fill*         0x080069c2        0x2 
 .text.sendMessage
                0x080069c4       0x28 ./app/src/task_bluetooth.o
                0x080069c4                sendMessage
 .text.HAL_UART_RxCpltCallback
                0x080069ec      0x144 ./app/src/task_bluetooth.o
                0x080069ec                HAL_UART_RxCpltCallback
 .text.task_lcd_init
                0x08006b30      0x18c ./app/src/task_lcd.o
                0x08006b30                task_lcd_init
 .text.task_lcd_update
                0x08006cbc       0x14 ./app/src/task_lcd.o
                0x08006cbc                task_lcd_update
 .text.task_lcd_statechart
                0x08006cd0       0xd8 ./app/src/task_lcd.o
                0x08006cd0                task_lcd_statechart
 .text.task_pwm_init
                0x08006da8      0x2ec ./app/src/task_pwm.o
                0x08006da8                task_pwm_init
 .text.task_pwm_update
                0x08007094       0x2a ./app/src/task_pwm.o
                0x08007094                task_pwm_update
 *fill*         0x080070be        0x2 
 .text.task_pwm_statechart
                0x080070c0      0x21c ./app/src/task_pwm.o
                0x080070c0                task_pwm_statechart
 .text.put_event_task_pwm
                0x080072dc       0x38 ./app/src/task_pwm_interface.o
                0x080072dc                put_event_task_pwm
 .text.task_sensor_init
                0x08007314      0x1f8 ./app/src/task_sensor.o
                0x08007314                task_sensor_init
 .text.task_sensor_update
                0x0800750c       0x2a ./app/src/task_sensor.o
                0x0800750c                task_sensor_update
 *fill*         0x08007536        0x2 
 .text.task_sensor_statechart
                0x08007538      0x168 ./app/src/task_sensor.o
                0x08007538                task_sensor_statechart
 .text.task_system_init
                0x080076a0      0x228 ./app/src/task_system.o
                0x080076a0                task_system_init
 .text.task_system_update
                0x080078c8       0x58 ./app/src/task_system.o
                0x080078c8                task_system_update
 .text.statechart
                0x08007920      0x1b8 ./app/src/task_system.o
                0x08007920                statechart
 .text.task_system_auto_statechart
                0x08007ad8       0xc8 ./app/src/task_system.o
                0x08007ad8                task_system_auto_statechart
 .text.task_system_manual_statechart
                0x08007ba0       0xcc ./app/src/task_system.o
                0x08007ba0                task_system_manual_statechart
 .text.task_system_set_mode
                0x08007c6c       0x20 ./app/src/task_system.o
                0x08007c6c                task_system_set_mode
 .text.init_event_task_system
                0x08007c8c       0x54 ./app/src/task_system_interface.o
                0x08007c8c                init_event_task_system
 .text.put_event_task_system
                0x08007ce0       0x44 ./app/src/task_system_interface.o
                0x08007ce0                put_event_task_system
 .text.get_event_task_system
                0x08007d24       0x70 ./app/src/task_system_interface.o
                0x08007d24                get_event_task_system
 .text.any_event_task_system
                0x08007d94       0x24 ./app/src/task_system_interface.o
                0x08007d94                any_event_task_system
 .text.ds18_tim_cb
                0x08007db8       0x1c ./app/src/task_thermometer.o
                0x08007db8                ds18_tim_cb
 .text.task_thermometer_init
                0x08007dd4      0x254 ./app/src/task_thermometer.o
                0x08007dd4                task_thermometer_init
 .text.task_thermometer_update
                0x08008028       0x2a ./app/src/task_thermometer.o
                0x08008028                task_thermometer_update
 *fill*         0x08008052        0x2 
 .text.task_thermometer_statechart
                0x08008054       0xf8 ./app/src/task_thermometer.o
                0x08008054                task_thermometer_statechart
 .text.put_event_task_thermometer
                0x0800814c       0x34 ./app/src/task_thermometer_interface.o
                0x0800814c                put_event_task_thermometer
 .text.task_timer_init
                0x08008180      0x144 ./app/src/task_timer.o
                0x08008180                task_timer_init
 .text.task_timer_update
                0x080082c4      0x12c ./app/src/task_timer.o
                0x080082c4                task_timer_update
 .text.reset_timers
                0x080083f0       0x3c ./app/src/task_timer.o
                0x080083f0                reset_timers
 .text.findslot
                0x0800842c       0x34 C:/ST/STM32CubeIDE_1.19.0/STM32CubeIDE/plugins/com.st.stm32cube.ide.mcu.externaltools.gnu-tools-for-stm32.13.3.rel1.win32_1.0.0.202411081344/tools/bin/../lib/gcc/arm-none-eabi/13.3.1/../../../../arm-none-eabi/lib/thumb/v7-m/nofp\librdimon_nano.a(arm_librdimon_a-syscalls.o)
 .text.error    0x08008460       0x1c C:/ST/STM32CubeIDE_1.19.0/STM32CubeIDE/plugins/com.st.stm32cube.ide.mcu.externaltools.gnu-tools-for-stm32.13.3.rel1.win32_1.0.0.202411081344/tools/bin/../lib/gcc/arm-none-eabi/13.3.1/../../../../arm-none-eabi/lib/thumb/v7-m/nofp\librdimon_nano.a(arm_librdimon_a-syscalls.o)
 .text.checkerror
                0x0800847c        0xa C:/ST/STM32CubeIDE_1.19.0/STM32CubeIDE/plugins/com.st.stm32cube.ide.mcu.externaltools.gnu-tools-for-stm32.13.3.rel1.win32_1.0.0.202411081344/tools/bin/../lib/gcc/arm-none-eabi/13.3.1/../../../../arm-none-eabi/lib/thumb/v7-m/nofp\librdimon_nano.a(arm_librdimon_a-syscalls.o)
 .text._swiread
                0x08008486       0x20 C:/ST/STM32CubeIDE_1.19.0/STM32CubeIDE/plugins/com.st.stm32cube.ide.mcu.externaltools.gnu-tools-for-stm32.13.3.rel1.win32_1.0.0.202411081344/tools/bin/../lib/gcc/arm-none-eabi/13.3.1/../../../../arm-none-eabi/lib/thumb/v7-m/nofp\librdimon_nano.a(arm_librdimon_a-syscalls.o)
                0x08008486                _swiread
 .text._read    0x080084a6       0x34 C:/ST/STM32CubeIDE_1.19.0/STM32CubeIDE/plugins/com.st.stm32cube.ide.mcu.externaltools.gnu-tools-for-stm32.13.3.rel1.win32_1.0.0.202411081344/tools/bin/../lib/gcc/arm-none-eabi/13.3.1/../../../../arm-none-eabi/lib/thumb/v7-m/nofp\librdimon_nano.a(arm_librdimon_a-syscalls.o)
                0x080084a6                _read
 .text._swilseek
                0x080084da       0x78 C:/ST/STM32CubeIDE_1.19.0/STM32CubeIDE/plugins/com.st.stm32cube.ide.mcu.externaltools.gnu-tools-for-stm32.13.3.rel1.win32_1.0.0.202411081344/tools/bin/../lib/gcc/arm-none-eabi/13.3.1/../../../../arm-none-eabi/lib/thumb/v7-m/nofp\librdimon_nano.a(arm_librdimon_a-syscalls.o)
                0x080084da                _swilseek
 .text._lseek   0x08008552        0x4 C:/ST/STM32CubeIDE_1.19.0/STM32CubeIDE/plugins/com.st.stm32cube.ide.mcu.externaltools.gnu-tools-for-stm32.13.3.rel1.win32_1.0.0.202411081344/tools/bin/../lib/gcc/arm-none-eabi/13.3.1/../../../../arm-none-eabi/lib/thumb/v7-m/nofp\librdimon_nano.a(arm_librdimon_a-syscalls.o)
                0x08008552                _lseek
 .text._swiwrite
                0x08008556       0x20 C:/ST/STM32CubeIDE_1.19.0/STM32CubeIDE/plugins/com.st.stm32cube.ide.mcu.externaltools.gnu-tools-for-stm32.13.3.rel1.win32_1.0.0.202411081344/tools/bin/../lib/gcc/arm-none-eabi/13.3.1/../../../../arm-none-eabi/lib/thumb/v7-m/nofp\librdimon_nano.a(arm_librdimon_a-syscalls.o)
                0x08008556                _swiwrite
 .text._write   0x08008576       0x40 C:/ST/STM32CubeIDE_1.19.0/STM32CubeIDE/plugins/com.st.stm32cube.ide.mcu.externaltools.gnu-tools-for-stm32.13.3.rel1.win32_1.0.0.202411081344/tools/bin/../lib/gcc/arm-none-eabi/13.3.1/../../../../arm-none-eabi/lib/thumb/v7-m/nofp\librdimon_nano.a(arm_librdimon_a-syscalls.o)
                0x08008576                _write
 .text._swiclose
                0x080085b6       0x1a C:/ST/STM32CubeIDE_1.19.0/STM32CubeIDE/plugins/com.st.stm32cube.ide.mcu.externaltools.gnu-tools-for-stm32.13.3.rel1.win32_1.0.0.202411081344/tools/bin/../lib/gcc/arm-none-eabi/13.3.1/../../../../arm-none-eabi/lib/thumb/v7-m/nofp\librdimon_nano.a(arm_librdimon_a-syscalls.o)
                0x080085b6                _swiclose
 .text._close   0x080085d0       0x4c C:/ST/STM32CubeIDE_1.19.0/STM32CubeIDE/plugins/com.st.stm32cube.ide.mcu.externaltools.gnu-tools-for-stm32.13.3.rel1.win32_1.0.0.202411081344/tools/bin/../lib/gcc/arm-none-eabi/13.3.1/../../../../arm-none-eabi/lib/thumb/v7-m/nofp\librdimon_nano.a(arm_librdimon_a-syscalls.o)
                0x080085d0                _close
 .text._swistat
                0x0800861c       0x42 C:/ST/STM32CubeIDE_1.19.0/STM32CubeIDE/plugins/com.st.stm32cube.ide.mcu.externaltools.gnu-tools-for-stm32.13.3.rel1.win32_1.0.0.202411081344/tools/bin/../lib/gcc/arm-none-eabi/13.3.1/../../../../arm-none-eabi/lib/thumb/v7-m/nofp\librdimon_nano.a(arm_librdimon_a-syscalls.o)
                0x0800861c                _swistat
 .text._fstat   0x0800865e       0x1c C:/ST/STM32CubeIDE_1.19.0/STM32CubeIDE/plugins/com.st.stm32cube.ide.mcu.externaltools.gnu-tools-for-stm32.13.3.rel1.win32_1.0.0.202411081344/tools/bin/../lib/gcc/arm-none-eabi/13.3.1/../../../../arm-none-eabi/lib/thumb/v7-m/nofp\librdimon_nano.a(arm_librdimon_a-syscalls.o)
                0x0800865e                _fstat
 .text._stat    0x0800867a       0x3a C:/ST/STM32CubeIDE_1.19.0/STM32CubeIDE/plugins/com.st.stm32cube.ide.mcu.externaltools.gnu-tools-for-stm32.13.3.rel1.win32_1.0.0.202411081344/tools/bin/../lib/gcc/arm-none-eabi/13.3.1/../../../../arm-none-eabi/lib/thumb/v7-m/nofp\librdimon_nano.a(arm_librdimon_a-syscalls.o)
                0x0800867a                _stat
 .text._swiopen
                0x080086b4       0xb4 C:/ST/STM32CubeIDE_1.19.0/STM32CubeIDE/plugins/com.st.stm32cube.ide.mcu.externaltools.gnu-tools-for-stm32.13.3.rel1.win32_1.0.0.202411081344/tools/bin/../lib/gcc/arm-none-eabi/13.3.1/../../../../arm-none-eabi/lib/thumb/v7-m/nofp\librdimon_nano.a(arm_librdimon_a-syscalls.o)
                0x080086b4                _swiopen
 .text._get_semihosting_exts
                0x08008768       0xb4 C:/ST/STM32CubeIDE_1.19.0/STM32CubeIDE/plugins/com.st.stm32cube.ide.mcu.externaltools.gnu-tools-for-stm32.13.3.rel1.win32_1.0.0.202411081344/tools/bin/../lib/gcc/arm-none-eabi/13.3.1/../../../../arm-none-eabi/lib/thumb/v7-m/nofp\librdimon_nano.a(arm_librdimon_a-syscalls.o)
                0x08008768                _get_semihosting_exts
 .text.initialise_semihosting_exts
                0x0800881c       0x34 C:/ST/STM32CubeIDE_1.19.0/STM32CubeIDE/plugins/com.st.stm32cube.ide.mcu.externaltools.gnu-tools-for-stm32.13.3.rel1.win32_1.0.0.202411081344/tools/bin/../lib/gcc/arm-none-eabi/13.3.1/../../../../arm-none-eabi/lib/thumb/v7-m/nofp\librdimon_nano.a(arm_librdimon_a-syscalls.o)
 .text._has_ext_stdout_stderr
                0x08008850       0x18 C:/ST/STM32CubeIDE_1.19.0/STM32CubeIDE/plugins/com.st.stm32cube.ide.mcu.externaltools.gnu-tools-for-stm32.13.3.rel1.win32_1.0.0.202411081344/tools/bin/../lib/gcc/arm-none-eabi/13.3.1/../../../../arm-none-eabi/lib/thumb/v7-m/nofp\librdimon_nano.a(arm_librdimon_a-syscalls.o)
                0x08008850                _has_ext_stdout_stderr
 .text.initialise_monitor_handles
                0x08008868       0xc0 C:/ST/STM32CubeIDE_1.19.0/STM32CubeIDE/plugins/com.st.stm32cube.ide.mcu.externaltools.gnu-tools-for-stm32.13.3.rel1.win32_1.0.0.202411081344/tools/bin/../lib/gcc/arm-none-eabi/13.3.1/../../../../arm-none-eabi/lib/thumb/v7-m/nofp\librdimon_nano.a(arm_librdimon_a-syscalls.o)
                0x08008868                initialise_monitor_handles
 .text._isatty  0x08008928       0x3a C:/ST/STM32CubeIDE_1.19.0/STM32CubeIDE/plugins/com.st.stm32cube.ide.mcu.externaltools.gnu-tools-for-stm32.13.3.rel1.win32_1.0.0.202411081344/tools/bin/../lib/gcc/arm-none-eabi/13.3.1/../../../../arm-none-eabi/lib/thumb/v7-m/nofp\librdimon_nano.a(arm_librdimon_a-syscalls.o)
                0x08008928                _isatty
 *fill*         0x08008962        0x2 
 .text.__sflush_r
                0x08008964      0x100 C:/ST/STM32CubeIDE_1.19.0/STM32CubeIDE/plugins/com.st.stm32cube.ide.mcu.externaltools.gnu-tools-for-stm32.13.3.rel1.win32_1.0.0.202411081344/tools/bin/../lib/gcc/arm-none-eabi/13.3.1/../../../../arm-none-eabi/lib/thumb/v7-m/nofp\libc_nano.a(libc_a-fflush.o)
                0x08008964                __sflush_r
 .text._fflush_r
                0x08008a64       0x50 C:/ST/STM32CubeIDE_1.19.0/STM32CubeIDE/plugins/com.st.stm32cube.ide.mcu.externaltools.gnu-tools-for-stm32.13.3.rel1.win32_1.0.0.202411081344/tools/bin/../lib/gcc/arm-none-eabi/13.3.1/../../../../arm-none-eabi/lib/thumb/v7-m/nofp\libc_nano.a(libc_a-fflush.o)
                0x08008a64                _fflush_r
 .text.fflush   0x08008ab4       0x28 C:/ST/STM32CubeIDE_1.19.0/STM32CubeIDE/plugins/com.st.stm32cube.ide.mcu.externaltools.gnu-tools-for-stm32.13.3.rel1.win32_1.0.0.202411081344/tools/bin/../lib/gcc/arm-none-eabi/13.3.1/../../../../arm-none-eabi/lib/thumb/v7-m/nofp\libc_nano.a(libc_a-fflush.o)
                0x08008ab4                fflush
 .text.std      0x08008adc       0x6c C:/ST/STM32CubeIDE_1.19.0/STM32CubeIDE/plugins/com.st.stm32cube.ide.mcu.externaltools.gnu-tools-for-stm32.13.3.rel1.win32_1.0.0.202411081344/tools/bin/../lib/gcc/arm-none-eabi/13.3.1/../../../../arm-none-eabi/lib/thumb/v7-m/nofp\libc_nano.a(libc_a-findfp.o)
 .text.stdio_exit_handler
                0x08008b48       0x18 C:/ST/STM32CubeIDE_1.19.0/STM32CubeIDE/plugins/com.st.stm32cube.ide.mcu.externaltools.gnu-tools-for-stm32.13.3.rel1.win32_1.0.0.202411081344/tools/bin/../lib/gcc/arm-none-eabi/13.3.1/../../../../arm-none-eabi/lib/thumb/v7-m/nofp\libc_nano.a(libc_a-findfp.o)
 .text.cleanup_stdio
                0x08008b60       0x40 C:/ST/STM32CubeIDE_1.19.0/STM32CubeIDE/plugins/com.st.stm32cube.ide.mcu.externaltools.gnu-tools-for-stm32.13.3.rel1.win32_1.0.0.202411081344/tools/bin/../lib/gcc/arm-none-eabi/13.3.1/../../../../arm-none-eabi/lib/thumb/v7-m/nofp\libc_nano.a(libc_a-findfp.o)
 .text.global_stdio_init.part.0
                0x08008ba0       0x3c C:/ST/STM32CubeIDE_1.19.0/STM32CubeIDE/plugins/com.st.stm32cube.ide.mcu.externaltools.gnu-tools-for-stm32.13.3.rel1.win32_1.0.0.202411081344/tools/bin/../lib/gcc/arm-none-eabi/13.3.1/../../../../arm-none-eabi/lib/thumb/v7-m/nofp\libc_nano.a(libc_a-findfp.o)
 .text.__sfp_lock_acquire
                0x08008bdc        0xc C:/ST/STM32CubeIDE_1.19.0/STM32CubeIDE/plugins/com.st.stm32cube.ide.mcu.externaltools.gnu-tools-for-stm32.13.3.rel1.win32_1.0.0.202411081344/tools/bin/../lib/gcc/arm-none-eabi/13.3.1/../../../../arm-none-eabi/lib/thumb/v7-m/nofp\libc_nano.a(libc_a-findfp.o)
                0x08008bdc                __sfp_lock_acquire
 .text.__sfp_lock_release
                0x08008be8        0xc C:/ST/STM32CubeIDE_1.19.0/STM32CubeIDE/plugins/com.st.stm32cube.ide.mcu.externaltools.gnu-tools-for-stm32.13.3.rel1.win32_1.0.0.202411081344/tools/bin/../lib/gcc/arm-none-eabi/13.3.1/../../../../arm-none-eabi/lib/thumb/v7-m/nofp\libc_nano.a(libc_a-findfp.o)
                0x08008be8                __sfp_lock_release
 .text.__sinit  0x08008bf4       0x30 C:/ST/STM32CubeIDE_1.19.0/STM32CubeIDE/plugins/com.st.stm32cube.ide.mcu.externaltools.gnu-tools-for-stm32.13.3.rel1.win32_1.0.0.202411081344/tools/bin/../lib/gcc/arm-none-eabi/13.3.1/../../../../arm-none-eabi/lib/thumb/v7-m/nofp\libc_nano.a(libc_a-findfp.o)
                0x08008bf4                __sinit
 .text._fwalk_sglue
                0x08008c24       0x3c C:/ST/STM32CubeIDE_1.19.0/STM32CubeIDE/plugins/com.st.stm32cube.ide.mcu.externaltools.gnu-tools-for-stm32.13.3.rel1.win32_1.0.0.202411081344/tools/bin/../lib/gcc/arm-none-eabi/13.3.1/../../../../arm-none-eabi/lib/thumb/v7-m/nofp\libc_nano.a(libc_a-fwalk.o)
                0x08008c24                _fwalk_sglue
 .text.printf   0x08008c60       0x24 C:/ST/STM32CubeIDE_1.19.0/STM32CubeIDE/plugins/com.st.stm32cube.ide.mcu.externaltools.gnu-tools-for-stm32.13.3.rel1.win32_1.0.0.202411081344/tools/bin/../lib/gcc/arm-none-eabi/13.3.1/../../../../arm-none-eabi/lib/thumb/v7-m/nofp\libc_nano.a(libc_a-printf.o)
                0x08008c60                iprintf
                0x08008c60                printf
 .text._puts_r  0x08008c84       0xaa C:/ST/STM32CubeIDE_1.19.0/STM32CubeIDE/plugins/com.st.stm32cube.ide.mcu.externaltools.gnu-tools-for-stm32.13.3.rel1.win32_1.0.0.202411081344/tools/bin/../lib/gcc/arm-none-eabi/13.3.1/../../../../arm-none-eabi/lib/thumb/v7-m/nofp\libc_nano.a(libc_a-puts.o)
                0x08008c84                _puts_r
 *fill*         0x08008d2e        0x2 
 .text.puts     0x08008d30       0x10 C:/ST/STM32CubeIDE_1.19.0/STM32CubeIDE/plugins/com.st.stm32cube.ide.mcu.externaltools.gnu-tools-for-stm32.13.3.rel1.win32_1.0.0.202411081344/tools/bin/../lib/gcc/arm-none-eabi/13.3.1/../../../../arm-none-eabi/lib/thumb/v7-m/nofp\libc_nano.a(libc_a-puts.o)
                0x08008d30                puts
 .text.snprintf
                0x08008d40       0x6c C:/ST/STM32CubeIDE_1.19.0/STM32CubeIDE/plugins/com.st.stm32cube.ide.mcu.externaltools.gnu-tools-for-stm32.13.3.rel1.win32_1.0.0.202411081344/tools/bin/../lib/gcc/arm-none-eabi/13.3.1/../../../../arm-none-eabi/lib/thumb/v7-m/nofp\libc_nano.a(libc_a-snprintf.o)
                0x08008d40                sniprintf
                0x08008d40                snprintf
 .text.sprintf  0x08008dac       0x44 C:/ST/STM32CubeIDE_1.19.0/STM32CubeIDE/plugins/com.st.stm32cube.ide.mcu.externaltools.gnu-tools-for-stm32.13.3.rel1.win32_1.0.0.202411081344/tools/bin/../lib/gcc/arm-none-eabi/13.3.1/../../../../arm-none-eabi/lib/thumb/v7-m/nofp\libc_nano.a(libc_a-sprintf.o)
                0x08008dac                siprintf
                0x08008dac                sprintf
 .text.__sread  0x08008df0       0x22 C:/ST/STM32CubeIDE_1.19.0/STM32CubeIDE/plugins/com.st.stm32cube.ide.mcu.externaltools.gnu-tools-for-stm32.13.3.rel1.win32_1.0.0.202411081344/tools/bin/../lib/gcc/arm-none-eabi/13.3.1/../../../../arm-none-eabi/lib/thumb/v7-m/nofp\libc_nano.a(libc_a-stdio.o)
                0x08008df0                __sread
 .text.__swrite
                0x08008e12       0x38 C:/ST/STM32CubeIDE_1.19.0/STM32CubeIDE/plugins/com.st.stm32cube.ide.mcu.externaltools.gnu-tools-for-stm32.13.3.rel1.win32_1.0.0.202411081344/tools/bin/../lib/gcc/arm-none-eabi/13.3.1/../../../../arm-none-eabi/lib/thumb/v7-m/nofp\libc_nano.a(libc_a-stdio.o)
                0x08008e12                __swrite
 .text.__sseek  0x08008e4a       0x24 C:/ST/STM32CubeIDE_1.19.0/STM32CubeIDE/plugins/com.st.stm32cube.ide.mcu.externaltools.gnu-tools-for-stm32.13.3.rel1.win32_1.0.0.202411081344/tools/bin/../lib/gcc/arm-none-eabi/13.3.1/../../../../arm-none-eabi/lib/thumb/v7-m/nofp\libc_nano.a(libc_a-stdio.o)
                0x08008e4a                __sseek
 .text.__sclose
                0x08008e6e        0x8 C:/ST/STM32CubeIDE_1.19.0/STM32CubeIDE/plugins/com.st.stm32cube.ide.mcu.externaltools.gnu-tools-for-stm32.13.3.rel1.win32_1.0.0.202411081344/tools/bin/../lib/gcc/arm-none-eabi/13.3.1/../../../../arm-none-eabi/lib/thumb/v7-m/nofp\libc_nano.a(libc_a-stdio.o)
                0x08008e6e                __sclose
 .text.__swbuf_r
                0x08008e76       0x7c C:/ST/STM32CubeIDE_1.19.0/STM32CubeIDE/plugins/com.st.stm32cube.ide.mcu.externaltools.gnu-tools-for-stm32.13.3.rel1.win32_1.0.0.202411081344/tools/bin/../lib/gcc/arm-none-eabi/13.3.1/../../../../arm-none-eabi/lib/thumb/v7-m/nofp\libc_nano.a(libc_a-wbuf.o)
                0x08008e76                __swbuf_r
 *fill*         0x08008ef2        0x2 
 .text.__swsetup_r
                0x08008ef4       0xac C:/ST/STM32CubeIDE_1.19.0/STM32CubeIDE/plugins/com.st.stm32cube.ide.mcu.externaltools.gnu-tools-for-stm32.13.3.rel1.win32_1.0.0.202411081344/tools/bin/../lib/gcc/arm-none-eabi/13.3.1/../../../../arm-none-eabi/lib/thumb/v7-m/nofp\libc_nano.a(libc_a-wsetup.o)
                0x08008ef4                __swsetup_r
 .text.memset   0x08008fa0       0x10 C:/ST/STM32CubeIDE_1.19.0/STM32CubeIDE/plugins/com.st.stm32cube.ide.mcu.externaltools.gnu-tools-for-stm32.13.3.rel1.win32_1.0.0.202411081344/tools/bin/../lib/gcc/arm-none-eabi/13.3.1/../../../../arm-none-eabi/lib/thumb/v7-m/nofp\libc_nano.a(libc_a-memset.o)
                0x08008fa0                memset
 .text._close_r
                0x08008fb0       0x20 C:/ST/STM32CubeIDE_1.19.0/STM32CubeIDE/plugins/com.st.stm32cube.ide.mcu.externaltools.gnu-tools-for-stm32.13.3.rel1.win32_1.0.0.202411081344/tools/bin/../lib/gcc/arm-none-eabi/13.3.1/../../../../arm-none-eabi/lib/thumb/v7-m/nofp\libc_nano.a(libc_a-closer.o)
                0x08008fb0                _close_r
 .text._lseek_r
                0x08008fd0       0x24 C:/ST/STM32CubeIDE_1.19.0/STM32CubeIDE/plugins/com.st.stm32cube.ide.mcu.externaltools.gnu-tools-for-stm32.13.3.rel1.win32_1.0.0.202411081344/tools/bin/../lib/gcc/arm-none-eabi/13.3.1/../../../../arm-none-eabi/lib/thumb/v7-m/nofp\libc_nano.a(libc_a-lseekr.o)
                0x08008fd0                _lseek_r
 .text._read_r  0x08008ff4       0x24 C:/ST/STM32CubeIDE_1.19.0/STM32CubeIDE/plugins/com.st.stm32cube.ide.mcu.externaltools.gnu-tools-for-stm32.13.3.rel1.win32_1.0.0.202411081344/tools/bin/../lib/gcc/arm-none-eabi/13.3.1/../../../../arm-none-eabi/lib/thumb/v7-m/nofp\libc_nano.a(libc_a-readr.o)
                0x08008ff4                _read_r
 .text._write_r
                0x08009018       0x24 C:/ST/STM32CubeIDE_1.19.0/STM32CubeIDE/plugins/com.st.stm32cube.ide.mcu.externaltools.gnu-tools-for-stm32.13.3.rel1.win32_1.0.0.202411081344/tools/bin/../lib/gcc/arm-none-eabi/13.3.1/../../../../arm-none-eabi/lib/thumb/v7-m/nofp\libc_nano.a(libc_a-writer.o)
                0x08009018                _write_r
 .text.__errno  0x0800903c        0xc C:/ST/STM32CubeIDE_1.19.0/STM32CubeIDE/plugins/com.st.stm32cube.ide.mcu.externaltools.gnu-tools-for-stm32.13.3.rel1.win32_1.0.0.202411081344/tools/bin/../lib/gcc/arm-none-eabi/13.3.1/../../../../arm-none-eabi/lib/thumb/v7-m/nofp\libc_nano.a(libc_a-errno.o)
                0x0800903c                __errno
 .text.__libc_init_array
                0x08009048       0x48 C:/ST/STM32CubeIDE_1.19.0/STM32CubeIDE/plugins/com.st.stm32cube.ide.mcu.externaltools.gnu-tools-for-stm32.13.3.rel1.win32_1.0.0.202411081344/tools/bin/../lib/gcc/arm-none-eabi/13.3.1/../../../../arm-none-eabi/lib/thumb/v7-m/nofp\libc_nano.a(libc_a-init.o)
                0x08009048                __libc_init_array
 .text.__retarget_lock_init_recursive
                0x08009090        0x2 C:/ST/STM32CubeIDE_1.19.0/STM32CubeIDE/plugins/com.st.stm32cube.ide.mcu.externaltools.gnu-tools-for-stm32.13.3.rel1.win32_1.0.0.202411081344/tools/bin/../lib/gcc/arm-none-eabi/13.3.1/../../../../arm-none-eabi/lib/thumb/v7-m/nofp\libc_nano.a(libc_a-lock.o)
                0x08009090                __retarget_lock_init_recursive
 .text.__retarget_lock_acquire_recursive
                0x08009092        0x2 C:/ST/STM32CubeIDE_1.19.0/STM32CubeIDE/plugins/com.st.stm32cube.ide.mcu.externaltools.gnu-tools-for-stm32.13.3.rel1.win32_1.0.0.202411081344/tools/bin/../lib/gcc/arm-none-eabi/13.3.1/../../../../arm-none-eabi/lib/thumb/v7-m/nofp\libc_nano.a(libc_a-lock.o)
                0x08009092                __retarget_lock_acquire_recursive
 .text.__retarget_lock_release_recursive
                0x08009094        0x2 C:/ST/STM32CubeIDE_1.19.0/STM32CubeIDE/plugins/com.st.stm32cube.ide.mcu.externaltools.gnu-tools-for-stm32.13.3.rel1.win32_1.0.0.202411081344/tools/bin/../lib/gcc/arm-none-eabi/13.3.1/../../../../arm-none-eabi/lib/thumb/v7-m/nofp\libc_nano.a(libc_a-lock.o)
                0x08009094                __retarget_lock_release_recursive
 .text.strcpy   0x08009096       0x10 C:/ST/STM32CubeIDE_1.19.0/STM32CubeIDE/plugins/com.st.stm32cube.ide.mcu.externaltools.gnu-tools-for-stm32.13.3.rel1.win32_1.0.0.202411081344/tools/bin/../lib/gcc/arm-none-eabi/13.3.1/../../../../arm-none-eabi/lib/thumb/v7-m/nofp\libc_nano.a(libc_a-strcpy.o)
                0x08009096                strcpy
 .text.memcpy   0x080090a6       0x1c C:/ST/STM32CubeIDE_1.19.0/STM32CubeIDE/plugins/com.st.stm32cube.ide.mcu.externaltools.gnu-tools-for-stm32.13.3.rel1.win32_1.0.0.202411081344/tools/bin/../lib/gcc/arm-none-eabi/13.3.1/../../../../arm-none-eabi/lib/thumb/v7-m/nofp\libc_nano.a(libc_a-memcpy-stub.o)
                0x080090a6                memcpy
 *fill*         0x080090c2        0x2 
 .text._free_r  0x080090c4       0x90 C:/ST/STM32CubeIDE_1.19.0/STM32CubeIDE/plugins/com.st.stm32cube.ide.mcu.externaltools.gnu-tools-for-stm32.13.3.rel1.win32_1.0.0.202411081344/tools/bin/../lib/gcc/arm-none-eabi/13.3.1/../../../../arm-none-eabi/lib/thumb/v7-m/nofp\libc_nano.a(libc_a-freer.o)
                0x080090c4                _free_r
 .text.sbrk_aligned
                0x08009154       0x44 C:/ST/STM32CubeIDE_1.19.0/STM32CubeIDE/plugins/com.st.stm32cube.ide.mcu.externaltools.gnu-tools-for-stm32.13.3.rel1.win32_1.0.0.202411081344/tools/bin/../lib/gcc/arm-none-eabi/13.3.1/../../../../arm-none-eabi/lib/thumb/v7-m/nofp\libc_nano.a(libc_a-mallocr.o)
 .text._malloc_r
                0x08009198      0x100 C:/ST/STM32CubeIDE_1.19.0/STM32CubeIDE/plugins/com.st.stm32cube.ide.mcu.externaltools.gnu-tools-for-stm32.13.3.rel1.win32_1.0.0.202411081344/tools/bin/../lib/gcc/arm-none-eabi/13.3.1/../../../../arm-none-eabi/lib/thumb/v7-m/nofp\libc_nano.a(libc_a-mallocr.o)
                0x08009198                _malloc_r
 .text.__malloc_lock
                0x08009298        0xc C:/ST/STM32CubeIDE_1.19.0/STM32CubeIDE/plugins/com.st.stm32cube.ide.mcu.externaltools.gnu-tools-for-stm32.13.3.rel1.win32_1.0.0.202411081344/tools/bin/../lib/gcc/arm-none-eabi/13.3.1/../../../../arm-none-eabi/lib/thumb/v7-m/nofp\libc_nano.a(libc_a-mlock.o)
                0x08009298                __malloc_lock
 .text.__malloc_unlock
                0x080092a4        0xc C:/ST/STM32CubeIDE_1.19.0/STM32CubeIDE/plugins/com.st.stm32cube.ide.mcu.externaltools.gnu-tools-for-stm32.13.3.rel1.win32_1.0.0.202411081344/tools/bin/../lib/gcc/arm-none-eabi/13.3.1/../../../../arm-none-eabi/lib/thumb/v7-m/nofp\libc_nano.a(libc_a-mlock.o)
                0x080092a4                __malloc_unlock
 .text.__ssputs_r
                0x080092b0       0xb6 C:/ST/STM32CubeIDE_1.19.0/STM32CubeIDE/plugins/com.st.stm32cube.ide.mcu.externaltools.gnu-tools-for-stm32.13.3.rel1.win32_1.0.0.202411081344/tools/bin/../lib/gcc/arm-none-eabi/13.3.1/../../../../arm-none-eabi/lib/thumb/v7-m/nofp\libc_nano.a(libc_a-nano-svfprintf.o)
                0x080092b0                __ssputs_r
 *fill*         0x08009366        0x2 
 .text._svfprintf_r
                0x08009368      0x1f8 C:/ST/STM32CubeIDE_1.19.0/STM32CubeIDE/plugins/com.st.stm32cube.ide.mcu.externaltools.gnu-tools-for-stm32.13.3.rel1.win32_1.0.0.202411081344/tools/bin/../lib/gcc/arm-none-eabi/13.3.1/../../../../arm-none-eabi/lib/thumb/v7-m/nofp\libc_nano.a(libc_a-nano-svfprintf.o)
                0x08009368                _svfiprintf_r
                0x08009368                _svfprintf_r
 .text.__sfputc_r
                0x08009560       0x2a C:/ST/STM32CubeIDE_1.19.0/STM32CubeIDE/plugins/com.st.stm32cube.ide.mcu.externaltools.gnu-tools-for-stm32.13.3.rel1.win32_1.0.0.202411081344/tools/bin/../lib/gcc/arm-none-eabi/13.3.1/../../../../arm-none-eabi/lib/thumb/v7-m/nofp\libc_nano.a(libc_a-nano-vfprintf.o)
 .text.__sfputs_r
                0x0800958a       0x24 C:/ST/STM32CubeIDE_1.19.0/STM32CubeIDE/plugins/com.st.stm32cube.ide.mcu.externaltools.gnu-tools-for-stm32.13.3.rel1.win32_1.0.0.202411081344/tools/bin/../lib/gcc/arm-none-eabi/13.3.1/../../../../arm-none-eabi/lib/thumb/v7-m/nofp\libc_nano.a(libc_a-nano-vfprintf.o)
                0x0800958a                __sfputs_r
 *fill*         0x080095ae        0x2 
 .text._vfprintf_r
                0x080095b0      0x230 C:/ST/STM32CubeIDE_1.19.0/STM32CubeIDE/plugins/com.st.stm32cube.ide.mcu.externaltools.gnu-tools-for-stm32.13.3.rel1.win32_1.0.0.202411081344/tools/bin/../lib/gcc/arm-none-eabi/13.3.1/../../../../arm-none-eabi/lib/thumb/v7-m/nofp\libc_nano.a(libc_a-nano-vfprintf.o)
                0x080095b0                _vfprintf_r
                0x080095b0                _vfiprintf_r
 .text._printf_common
                0x080097e0       0xe4 C:/ST/STM32CubeIDE_1.19.0/STM32CubeIDE/plugins/com.st.stm32cube.ide.mcu.externaltools.gnu-tools-for-stm32.13.3.rel1.win32_1.0.0.202411081344/tools/bin/../lib/gcc/arm-none-eabi/13.3.1/../../../../arm-none-eabi/lib/thumb/v7-m/nofp\libc_nano.a(libc_a-nano-vfprintf_i.o)
                0x080097e0                _printf_common
 .text._printf_i
                0x080098c4      0x23c C:/ST/STM32CubeIDE_1.19.0/STM32CubeIDE/plugins/com.st.stm32cube.ide.mcu.externaltools.gnu-tools-for-stm32.13.3.rel1.win32_1.0.0.202411081344/tools/bin/../lib/gcc/arm-none-eabi/13.3.1/../../../../arm-none-eabi/lib/thumb/v7-m/nofp\libc_nano.a(libc_a-nano-vfprintf_i.o)
                0x080098c4                _printf_i
 .text.__swhatbuf_r
                0x08009b00       0x4a C:/ST/STM32CubeIDE_1.19.0/STM32CubeIDE/plugins/com.st.stm32cube.ide.mcu.externaltools.gnu-tools-for-stm32.13.3.rel1.win32_1.0.0.202411081344/tools/bin/../lib/gcc/arm-none-eabi/13.3.1/../../../../arm-none-eabi/lib/thumb/v7-m/nofp\libc_nano.a(libc_a-makebuf.o)
                0x08009b00                __swhatbuf_r
 .text.__smakebuf_r
                0x08009b4a       0x78 C:/ST/STM32CubeIDE_1.19.0/STM32CubeIDE/plugins/com.st.stm32cube.ide.mcu.externaltools.gnu-tools-for-stm32.13.3.rel1.win32_1.0.0.202411081344/tools/bin/../lib/gcc/arm-none-eabi/13.3.1/../../../../arm-none-eabi/lib/thumb/v7-m/nofp\libc_nano.a(libc_a-makebuf.o)
                0x08009b4a                __smakebuf_r
 .text.memmove  0x08009bc2       0x34 C:/ST/STM32CubeIDE_1.19.0/STM32CubeIDE/plugins/com.st.stm32cube.ide.mcu.externaltools.gnu-tools-for-stm32.13.3.rel1.win32_1.0.0.202411081344/tools/bin/../lib/gcc/arm-none-eabi/13.3.1/../../../../arm-none-eabi/lib/thumb/v7-m/nofp\libc_nano.a(libc_a-memmove.o)
                0x08009bc2                memmove
 *fill*         0x08009bf6        0x2 
 .text._fstat_r
                0x08009bf8       0x24 C:/ST/STM32CubeIDE_1.19.0/STM32CubeIDE/plugins/com.st.stm32cube.ide.mcu.externaltools.gnu-tools-for-stm32.13.3.rel1.win32_1.0.0.202411081344/tools/bin/../lib/gcc/arm-none-eabi/13.3.1/../../../../arm-none-eabi/lib/thumb/v7-m/nofp\libc_nano.a(libc_a-fstatr.o)
                0x08009bf8                _fstat_r
 .text._isatty_r
                0x08009c1c       0x20 C:/ST/STM32CubeIDE_1.19.0/STM32CubeIDE/plugins/com.st.stm32cube.ide.mcu.externaltools.gnu-tools-for-stm32.13.3.rel1.win32_1.0.0.202411081344/tools/bin/../lib/gcc/arm-none-eabi/13.3.1/../../../../arm-none-eabi/lib/thumb/v7-m/nofp\libc_nano.a(libc_a-isattyr.o)
                0x08009c1c                _isatty_r
 .text._sbrk_r  0x08009c3c       0x20 C:/ST/STM32CubeIDE_1.19.0/STM32CubeIDE/plugins/com.st.stm32cube.ide.mcu.externaltools.gnu-tools-for-stm32.13.3.rel1.win32_1.0.0.202411081344/tools/bin/../lib/gcc/arm-none-eabi/13.3.1/../../../../arm-none-eabi/lib/thumb/v7-m/nofp\libc_nano.a(libc_a-sbrkr.o)
                0x08009c3c                _sbrk_r
 .text.memchr   0x08009c5c       0x1c C:/ST/STM32CubeIDE_1.19.0/STM32CubeIDE/plugins/com.st.stm32cube.ide.mcu.externaltools.gnu-tools-for-stm32.13.3.rel1.win32_1.0.0.202411081344/tools/bin/../lib/gcc/arm-none-eabi/13.3.1/../../../../arm-none-eabi/lib/thumb/v7-m/nofp\libc_nano.a(libc_a-memchr-stub.o)
                0x08009c5c                memchr
 .text._realloc_r
                0x08009c78       0x5c C:/ST/STM32CubeIDE_1.19.0/STM32CubeIDE/plugins/com.st.stm32cube.ide.mcu.externaltools.gnu-tools-for-stm32.13.3.rel1.win32_1.0.0.202411081344/tools/bin/../lib/gcc/arm-none-eabi/13.3.1/../../../../arm-none-eabi/lib/thumb/v7-m/nofp\libc_nano.a(libc_a-reallocr.o)
                0x08009c78                _realloc_r
 .text._malloc_usable_size_r
                0x08009cd4       0x10 C:/ST/STM32CubeIDE_1.19.0/STM32CubeIDE/plugins/com.st.stm32cube.ide.mcu.externaltools.gnu-tools-for-stm32.13.3.rel1.win32_1.0.0.202411081344/tools/bin/../lib/gcc/arm-none-eabi/13.3.1/../../../../arm-none-eabi/lib/thumb/v7-m/nofp\libc_nano.a(libc_a-msizer.o)
                0x08009cd4                _malloc_usable_size_r
 *(.glue_7)
 .glue_7        0x08009ce4        0x0 linker stubs
 *(.glue_7t)
 .glue_7t       0x08009ce4        0x0 linker stubs
 *(.eh_frame)
 .eh_frame      0x08009ce4        0x0 C:/ST/STM32CubeIDE_1.19.0/STM32CubeIDE/plugins/com.st.stm32cube.ide.mcu.externaltools.gnu-tools-for-stm32.13.3.rel1.win32_1.0.0.202411081344/tools/bin/../lib/gcc/arm-none-eabi/13.3.1/thumb/v7-m/nofp/crtbegin.o
 *(.init)
 .init          0x08009ce4        0x4 C:/ST/STM32CubeIDE_1.19.0/STM32CubeIDE/plugins/com.st.stm32cube.ide.mcu.externaltools.gnu-tools-for-stm32.13.3.rel1.win32_1.0.0.202411081344/tools/bin/../lib/gcc/arm-none-eabi/13.3.1/thumb/v7-m/nofp/crti.o
                0x08009ce4                _init
 .init          0x08009ce8        0x8 C:/ST/STM32CubeIDE_1.19.0/STM32CubeIDE/plugins/com.st.stm32cube.ide.mcu.externaltools.gnu-tools-for-stm32.13.3.rel1.win32_1.0.0.202411081344/tools/bin/../lib/gcc/arm-none-eabi/13.3.1/thumb/v7-m/nofp/crtn.o
 *(.fini)
 .fini          0x08009cf0        0x4 C:/ST/STM32CubeIDE_1.19.0/STM32CubeIDE/plugins/com.st.stm32cube.ide.mcu.externaltools.gnu-tools-for-stm32.13.3.rel1.win32_1.0.0.202411081344/tools/bin/../lib/gcc/arm-none-eabi/13.3.1/thumb/v7-m/nofp/crti.o
                0x08009cf0                _fini
 .fini          0x08009cf4        0x8 C:/ST/STM32CubeIDE_1.19.0/STM32CubeIDE/plugins/com.st.stm32cube.ide.mcu.externaltools.gnu-tools-for-stm32.13.3.rel1.win32_1.0.0.202411081344/tools/bin/../lib/gcc/arm-none-eabi/13.3.1/thumb/v7-m/nofp/crtn.o
                0x08009cfc                        . = ALIGN (0x4)
                0x08009cfc                        _etext = .

.vfp11_veneer   0x08009cfc        0x0
 .vfp11_veneer  0x08009cfc        0x0 linker stubs

.v4_bx          0x08009cfc        0x0
 .v4_bx         0x08009cfc        0x0 linker stubs

.iplt           0x08009cfc        0x0
 .iplt          0x08009cfc        0x0 C:/ST/STM32CubeIDE_1.19.0/STM32CubeIDE/plugins/com.st.stm32cube.ide.mcu.externaltools.gnu-tools-for-stm32.13.3.rel1.win32_1.0.0.202411081344/tools/bin/../lib/gcc/arm-none-eabi/13.3.1/thumb/v7-m/nofp/crtbegin.o

.rodata         0x08009cfc      0xb68
                0x08009cfc                        . = ALIGN (0x4)
 *(.rodata)
 .rodata        0x08009cfc       0xd6 ./app/src/app.o
 *fill*         0x08009dd2        0x2 
 .rodata        0x08009dd4      0x11e ./app/src/task_actuator.o
 *fill*         0x08009ef2        0x2 
 .rodata        0x08009ef4      0x121 ./app/src/task_bluetooth.o
 *fill*         0x0800a015        0x3 
 .rodata        0x0800a018      0x105 ./app/src/task_lcd.o
 *fill*         0x0800a11d        0x3 
 .rodata        0x0800a120      0x10e ./app/src/task_pwm.o
 *fill*         0x0800a22e        0x2 
 .rodata        0x0800a230       0xf6 ./app/src/task_sensor.o
 *fill*         0x0800a326        0x2 
 .rodata        0x0800a328      0x254 ./app/src/task_system.o
 .rodata        0x0800a57c        0x2 ./app/src/task_system_interface.o
 *fill*         0x0800a57e        0x2 
 .rodata        0x0800a580      0x102 ./app/src/task_thermometer.o
 *fill*         0x0800a682        0x2 
 .rodata        0x0800a684       0xa2 ./app/src/task_timer.o
 *(.rodata*)
 *fill*         0x0800a726        0x2 
 .rodata.AHBPrescTable
                0x0800a728       0x10 ./Core/Src/system_stm32f1xx.o
                0x0800a728                AHBPrescTable
 .rodata.APBPrescTable
                0x0800a738        0x8 ./Core/Src/system_stm32f1xx.o
                0x0800a738                APBPrescTable
 .rodata.aPLLMULFactorTable.1
                0x0800a740       0x10 ./Drivers/STM32F1xx_HAL_Driver/Src/stm32f1xx_hal_rcc.o
 .rodata.aPredivFactorTable.0
                0x0800a750        0x2 ./Drivers/STM32F1xx_HAL_Driver/Src/stm32f1xx_hal_rcc.o
 *fill*         0x0800a752        0x2 
 .rodata.task_cfg_list
                0x0800a754       0x60 ./app/src/app.o
                0x0800a754                task_cfg_list
 .rodata.logger_msg
                0x0800a7b4        0x4 ./app/src/logger.o
                0x0800a7b4                logger_msg
 .rodata.task_actuator_cfg_list
                0x0800a7b8       0x48 ./app/src/task_actuator.o
                0x0800a7b8                task_actuator_cfg_list
 .rodata.task_sensor_cfg_list
                0x0800a800       0x14 ./app/src/task_sensor.o
                0x0800a800                task_sensor_cfg_list
 .rodata.task_thermometer_cfg_list
                0x0800a814        0x1 ./app/src/task_thermometer.o
                0x0800a814                task_thermometer_cfg_list
 .rodata._get_semihosting_exts.str1.1
                0x0800a815       0x4d C:/ST/STM32CubeIDE_1.19.0/STM32CubeIDE/plugins/com.st.stm32cube.ide.mcu.externaltools.gnu-tools-for-stm32.13.3.rel1.win32_1.0.0.202411081344/tools/bin/../lib/gcc/arm-none-eabi/13.3.1/../../../../arm-none-eabi/lib/thumb/v7-m/nofp\librdimon_nano.a(arm_librdimon_a-syscalls.o)
                                 0x16 (size before relaxing)
 .rodata.initialise_monitor_handles.str1.1
                0x0800a862        0x4 C:/ST/STM32CubeIDE_1.19.0/STM32CubeIDE/plugins/com.st.stm32cube.ide.mcu.externaltools.gnu-tools-for-stm32.13.3.rel1.win32_1.0.0.202411081344/tools/bin/../lib/gcc/arm-none-eabi/13.3.1/../../../../arm-none-eabi/lib/thumb/v7-m/nofp\librdimon_nano.a(arm_librdimon_a-syscalls.o)
 .rodata._svfprintf_r.str1.1
                0x0800a862       0x11 C:/ST/STM32CubeIDE_1.19.0/STM32CubeIDE/plugins/com.st.stm32cube.ide.mcu.externaltools.gnu-tools-for-stm32.13.3.rel1.win32_1.0.0.202411081344/tools/bin/../lib/gcc/arm-none-eabi/13.3.1/../../../../arm-none-eabi/lib/thumb/v7-m/nofp\libc_nano.a(libc_a-nano-svfprintf.o)
 .rodata._vfprintf_r.str1.1
                0x0800a862       0x11 C:/ST/STM32CubeIDE_1.19.0/STM32CubeIDE/plugins/com.st.stm32cube.ide.mcu.externaltools.gnu-tools-for-stm32.13.3.rel1.win32_1.0.0.202411081344/tools/bin/../lib/gcc/arm-none-eabi/13.3.1/../../../../arm-none-eabi/lib/thumb/v7-m/nofp\libc_nano.a(libc_a-nano-vfprintf.o)
 .rodata._printf_i.str1.1
                0x0800a862       0x22 C:/ST/STM32CubeIDE_1.19.0/STM32CubeIDE/plugins/com.st.stm32cube.ide.mcu.externaltools.gnu-tools-for-stm32.13.3.rel1.win32_1.0.0.202411081344/tools/bin/../lib/gcc/arm-none-eabi/13.3.1/../../../../arm-none-eabi/lib/thumb/v7-m/nofp\libc_nano.a(libc_a-nano-vfprintf_i.o)
                0x0800a884                        . = ALIGN (0x4)
 *fill*         0x0800a862        0x2 

.ARM.extab      0x0800a864        0x0
                0x0800a864                        . = ALIGN (0x4)
 *(.ARM.extab* .gnu.linkonce.armextab.*)
                0x0800a864                        . = ALIGN (0x4)

.ARM            0x0800a864        0x8
                0x0800a864                        . = ALIGN (0x4)
                0x0800a864                        __exidx_start = .
 *(.ARM.exidx*)
 .ARM.exidx     0x0800a864        0x8 C:/ST/STM32CubeIDE_1.19.0/STM32CubeIDE/plugins/com.st.stm32cube.ide.mcu.externaltools.gnu-tools-for-stm32.13.3.rel1.win32_1.0.0.202411081344/tools/bin/../lib/gcc/arm-none-eabi/13.3.1/../../../../arm-none-eabi/lib/thumb/v7-m/nofp\libc_nano.a(libc_a-strcmp.o)
 .ARM.exidx     0x0800a86c        0x0 C:/ST/STM32CubeIDE_1.19.0/STM32CubeIDE/plugins/com.st.stm32cube.ide.mcu.externaltools.gnu-tools-for-stm32.13.3.rel1.win32_1.0.0.202411081344/tools/bin/../lib/gcc/arm-none-eabi/13.3.1/../../../../arm-none-eabi/lib/thumb/v7-m/nofp\libc_nano.a(libc_a-strlen.o)
                                  0x8 (size before relaxing)
                0x0800a86c                        __exidx_end = .
                0x0800a86c                        . = ALIGN (0x4)

.preinit_array  0x0800a86c        0x0
                0x0800a86c                        . = ALIGN (0x4)
                0x0800a86c                        PROVIDE (__preinit_array_start = .)
 *(.preinit_array*)
                0x0800a86c                        PROVIDE (__preinit_array_end = .)
                0x0800a86c                        . = ALIGN (0x4)

.init_array     0x0800a86c        0x4
                0x0800a86c                        . = ALIGN (0x4)
                0x0800a86c                        PROVIDE (__init_array_start = .)
 *(SORT_BY_NAME(.init_array.*))
 *(.init_array*)
 .init_array    0x0800a86c        0x4 C:/ST/STM32CubeIDE_1.19.0/STM32CubeIDE/plugins/com.st.stm32cube.ide.mcu.externaltools.gnu-tools-for-stm32.13.3.rel1.win32_1.0.0.202411081344/tools/bin/../lib/gcc/arm-none-eabi/13.3.1/thumb/v7-m/nofp/crtbegin.o
                0x0800a870                        PROVIDE (__init_array_end = .)
                0x0800a870                        . = ALIGN (0x4)

.fini_array     0x0800a870        0x4
                0x0800a870                        . = ALIGN (0x4)
                [!provide]                        PROVIDE (__fini_array_start = .)
 *(SORT_BY_NAME(.fini_array.*))
 *(.fini_array*)
 .fini_array    0x0800a870        0x4 C:/ST/STM32CubeIDE_1.19.0/STM32CubeIDE/plugins/com.st.stm32cube.ide.mcu.externaltools.gnu-tools-for-stm32.13.3.rel1.win32_1.0.0.202411081344/tools/bin/../lib/gcc/arm-none-eabi/13.3.1/thumb/v7-m/nofp/crtbegin.o
                [!provide]                        PROVIDE (__fini_array_end = .)
                0x0800a874                        . = ALIGN (0x4)
                0x0800a874                        _sidata = LOADADDR (.data)

.rel.dyn        0x0800a874        0x0
 .rel.iplt      0x0800a874        0x0 C:/ST/STM32CubeIDE_1.19.0/STM32CubeIDE/plugins/com.st.stm32cube.ide.mcu.externaltools.gnu-tools-for-stm32.13.3.rel1.win32_1.0.0.202411081344/tools/bin/../lib/gcc/arm-none-eabi/13.3.1/thumb/v7-m/nofp/crtbegin.o

.data           0x20000000      0x124 load address 0x0800a874
                0x20000000                        . = ALIGN (0x4)
                0x20000000                        _sdata = .
 *(.data)
 *(.data*)
 .data.SystemCoreClock
                0x20000000        0x4 ./Core/Src/system_stm32f1xx.o
                0x20000000                SystemCoreClock
 .data.uwTickPrio
                0x20000004        0x4 ./Drivers/STM32F1xx_HAL_Driver/Src/stm32f1xx_hal.o
                0x20000004                uwTickPrio
 .data.uwTickFreq
                0x20000008        0x1 ./Drivers/STM32F1xx_HAL_Driver/Src/stm32f1xx_hal.o
                0x20000008                uwTickFreq
 *fill*         0x20000009        0x3 
 .data.p_app    0x2000000c        0x4 ./app/src/app.o
                0x2000000c                p_app
 .data.p_app_   0x20000010        0x4 ./app/src/app.o
                0x20000010                p_app_
 .data.p_app__  0x20000014        0x4 ./app/src/app.o
                0x20000014                p_app__
 .data.p_task_actuator
                0x20000018        0x4 ./app/src/task_actuator.o
                0x20000018                p_task_actuator
 .data.p_task_actuator_
                0x2000001c        0x4 ./app/src/task_actuator.o
                0x2000001c                p_task_actuator_
 .data.p_task_actuator__
                0x20000020        0x4 ./app/src/task_actuator.o
                0x20000020                p_task_actuator__
 .data.p_task_bt
                0x20000024        0x4 ./app/src/task_bluetooth.o
                0x20000024                p_task_bt
 .data.p_task_bt_
                0x20000028        0x4 ./app/src/task_bluetooth.o
                0x20000028                p_task_bt_
 .data.p_task_bt__
                0x2000002c        0x4 ./app/src/task_bluetooth.o
                0x2000002c                p_task_bt__
 .data.p_task_lcd
                0x20000030        0x4 ./app/src/task_lcd.o
                0x20000030                p_task_lcd
 .data.p_task_lcd_
                0x20000034        0x4 ./app/src/task_lcd.o
                0x20000034                p_task_lcd_
 .data.p_task_lcd__
                0x20000038        0x4 ./app/src/task_lcd.o
                0x20000038                p_task_lcd__
 .data.task_pwm_cfg_list
                0x2000003c       0x48 ./app/src/task_pwm.o
                0x2000003c                task_pwm_cfg_list
 .data.p_task_pwm
                0x20000084        0x4 ./app/src/task_pwm.o
                0x20000084                p_task_pwm
 .data.p_task_pwm_
                0x20000088        0x4 ./app/src/task_pwm.o
                0x20000088                p_task_pwm_
 .data.p_task_pwm__
                0x2000008c        0x4 ./app/src/task_pwm.o
                0x2000008c                p_task_pwm__
 .data.p_task_sensor
                0x20000090        0x4 ./app/src/task_sensor.o
                0x20000090                p_task_sensor
 .data.p_task_sensor_
                0x20000094        0x4 ./app/src/task_sensor.o
                0x20000094                p_task_sensor_
 .data.p_task_sensor__
                0x20000098        0x4 ./app/src/task_sensor.o
                0x20000098                p_task_sensor__
 .data.p_task_system
                0x2000009c        0x4 ./app/src/task_system.o
                0x2000009c                p_task_system
 .data.p_task_system_
                0x200000a0        0x4 ./app/src/task_system.o
                0x200000a0                p_task_system_
 .data.p_task_system__
                0x200000a4        0x4 ./app/src/task_system.o
                0x200000a4                p_task_system__
 .data.p_task_thermometer
                0x200000a8        0x4 ./app/src/task_thermometer.o
                0x200000a8                p_task_thermometer
 .data.p_task_thermometer_
                0x200000ac        0x4 ./app/src/task_thermometer.o
                0x200000ac                p_task_thermometer_
 .data.p_task_thermometer__
                0x200000b0        0x4 ./app/src/task_thermometer.o
                0x200000b0                p_task_thermometer__
 .data.p_task_timer
                0x200000b4        0x4 ./app/src/task_timer.o
                0x200000b4                p_task_timer
 .data.p_task_timer_
                0x200000b8        0x4 ./app/src/task_timer.o
                0x200000b8                p_task_timer_
 .data.p_task_timer__
                0x200000bc        0x4 ./app/src/task_timer.o
                0x200000bc                p_task_timer__
 .data.supports_ext_stdout_stderr
                0x200000c0        0x4 C:/ST/STM32CubeIDE_1.19.0/STM32CubeIDE/plugins/com.st.stm32cube.ide.mcu.externaltools.gnu-tools-for-stm32.13.3.rel1.win32_1.0.0.202411081344/tools/bin/../lib/gcc/arm-none-eabi/13.3.1/../../../../arm-none-eabi/lib/thumb/v7-m/nofp\librdimon_nano.a(arm_librdimon_a-syscalls.o)
 .data.supports_ext_exit_extended
                0x200000c4        0x4 C:/ST/STM32CubeIDE_1.19.0/STM32CubeIDE/plugins/com.st.stm32cube.ide.mcu.externaltools.gnu-tools-for-stm32.13.3.rel1.win32_1.0.0.202411081344/tools/bin/../lib/gcc/arm-none-eabi/13.3.1/../../../../arm-none-eabi/lib/thumb/v7-m/nofp\librdimon_nano.a(arm_librdimon_a-syscalls.o)
 .data.__sglue  0x200000c8        0xc C:/ST/STM32CubeIDE_1.19.0/STM32CubeIDE/plugins/com.st.stm32cube.ide.mcu.externaltools.gnu-tools-for-stm32.13.3.rel1.win32_1.0.0.202411081344/tools/bin/../lib/gcc/arm-none-eabi/13.3.1/../../../../arm-none-eabi/lib/thumb/v7-m/nofp\libc_nano.a(libc_a-findfp.o)
                0x200000c8                __sglue
 .data._impure_ptr
                0x200000d4        0x4 C:/ST/STM32CubeIDE_1.19.0/STM32CubeIDE/plugins/com.st.stm32cube.ide.mcu.externaltools.gnu-tools-for-stm32.13.3.rel1.win32_1.0.0.202411081344/tools/bin/../lib/gcc/arm-none-eabi/13.3.1/../../../../arm-none-eabi/lib/thumb/v7-m/nofp\libc_nano.a(libc_a-impure.o)
                0x200000d4                _impure_ptr
 .data._impure_data
                0x200000d8       0x4c C:/ST/STM32CubeIDE_1.19.0/STM32CubeIDE/plugins/com.st.stm32cube.ide.mcu.externaltools.gnu-tools-for-stm32.13.3.rel1.win32_1.0.0.202411081344/tools/bin/../lib/gcc/arm-none-eabi/13.3.1/../../../../arm-none-eabi/lib/thumb/v7-m/nofp\libc_nano.a(libc_a-impure.o)
                0x200000d8                _impure_data
 *(.RamFunc)
 *(.RamFunc*)
                0x20000124                        . = ALIGN (0x4)
                0x20000124                        _edata = .

.igot.plt       0x20000124        0x0 load address 0x0800a998
 .igot.plt      0x20000124        0x0 C:/ST/STM32CubeIDE_1.19.0/STM32CubeIDE/plugins/com.st.stm32cube.ide.mcu.externaltools.gnu-tools-for-stm32.13.3.rel1.win32_1.0.0.202411081344/tools/bin/../lib/gcc/arm-none-eabi/13.3.1/thumb/v7-m/nofp/crtbegin.o
                0x20000124                        . = ALIGN (0x4)

.bss            0x20000124      0x728 load address 0x0800a998
                0x20000124                        _sbss = .
                0x20000124                        __bss_start__ = _sbss
 *(.bss)
 .bss           0x20000124       0x1c C:/ST/STM32CubeIDE_1.19.0/STM32CubeIDE/plugins/com.st.stm32cube.ide.mcu.externaltools.gnu-tools-for-stm32.13.3.rel1.win32_1.0.0.202411081344/tools/bin/../lib/gcc/arm-none-eabi/13.3.1/thumb/v7-m/nofp/crtbegin.o
 *(.bss*)
 .bss.hi2c1     0x20000140       0x54 ./Core/Src/main.o
                0x20000140                hi2c1
 .bss.htim1     0x20000194       0xb4 ./Core/Src/main.o
                0x20000194                htim1
 .bss.htim3     0x20000248       0xb4 ./Core/Src/main.o
                0x20000248                htim3
 .bss.htim4     0x200002fc       0xb4 ./Core/Src/main.o
                0x200002fc                htim4
 .bss.huart3    0x200003b0       0x48 ./Core/Src/main.o
                0x200003b0                huart3
 .bss.hdma_usart3_rx
                0x200003f8       0x44 ./Core/Src/main.o
                0x200003f8                hdma_usart3_rx
 .bss.hdma_usart3_tx
                0x2000043c       0x44 ./Core/Src/main.o
                0x2000043c                hdma_usart3_tx
 .bss.__sbrk_heap_end
                0x20000480        0x4 ./Core/Src/sysmem.o
 .bss.uwTick    0x20000484        0x4 ./Drivers/STM32F1xx_HAL_Driver/Src/stm32f1xx_hal.o
                0x20000484                uwTick
 .bss.g_app_cnt
                0x20000488        0x4 ./app/src/app.o
                0x20000488                g_app_cnt
 .bss.g_app_runtime_us
                0x2000048c        0x4 ./app/src/app.o
                0x2000048c                g_app_runtime_us
 .bss.g_app_tick_cnt
                0x20000490        0x4 ./app/src/app.o
                0x20000490                g_app_tick_cnt
 .bss.task_dta_list
                0x20000494       0x80 ./app/src/app.o
                0x20000494                task_dta_list
 .bss.logger_msg_buffer_
                0x20000514       0x40 ./app/src/logger.o
 .bss.logger_msg_len
                0x20000554        0x4 ./app/src/logger.o
                0x20000554                logger_msg_len
 .bss.task_actuator_dta_list
                0x20000558       0x18 ./app/src/task_actuator.o
                0x20000558                task_actuator_dta_list
 .bss.command   0x20000570        0xb ./app/src/task_bluetooth.o
                0x20000570                command
 *fill*         0x2000057b        0x1 
 .bss.task_lcd_dta
                0x2000057c        0x8 ./app/src/task_lcd.o
                0x2000057c                task_lcd_dta
 .bss.task_pwm_dta_list
                0x20000584        0x6 ./app/src/task_pwm.o
                0x20000584                task_pwm_dta_list
 *fill*         0x2000058a        0x2 
 .bss.task_sensor_dta_list
                0x2000058c        0x8 ./app/src/task_sensor.o
                0x2000058c                task_sensor_dta_list
 .bss.task_system_dta_list
                0x20000594       0x10 ./app/src/task_system.o
                0x20000594                task_system_dta_list
 .bss.g_task_system_mode
                0x200005a4        0x1 ./app/src/task_system.o
                0x200005a4                g_task_system_mode
 *fill*         0x200005a5        0x3 
 .bss.last_therm_time.0
                0x200005a8        0x4 ./app/src/task_system.o
 .bss.event_task_system_queue
                0x200005ac       0x2c ./app/src/task_system_interface.o
                0x200005ac                event_task_system_queue
 .bss.ds18      0x200005d8       0x58 ./app/src/task_thermometer.o
                0x200005d8                ds18
 .bss.task_thermometer_dta_list
                0x20000630       0x10 ./app/src/task_thermometer.o
                0x20000630                task_thermometer_dta_list
 .bss.last_relay_cycle_time
                0x20000640        0x4 ./app/src/task_timer.o
 .bss.last_feeder_cycle_time
                0x20000644        0x4 ./app/src/task_timer.o
 .bss.last_light_cycle_time
                0x20000648        0x4 ./app/src/task_timer.o
 .bss.current_time
                0x2000064c        0x4 ./app/src/task_timer.o
                0x2000064c                current_time
 .bss.relay_on.2
                0x20000650        0x1 ./app/src/task_timer.o
 .bss.feeder_on.1
                0x20000651        0x1 ./app/src/task_timer.o
 .bss.light_on.0
                0x20000652        0x1 ./app/src/task_timer.o
 *fill*         0x20000653        0x1 
 .bss.monitor_stderr
                0x20000654        0x4 C:/ST/STM32CubeIDE_1.19.0/STM32CubeIDE/plugins/com.st.stm32cube.ide.mcu.externaltools.gnu-tools-for-stm32.13.3.rel1.win32_1.0.0.202411081344/tools/bin/../lib/gcc/arm-none-eabi/13.3.1/../../../../arm-none-eabi/lib/thumb/v7-m/nofp\librdimon_nano.a(arm_librdimon_a-syscalls.o)
 .bss.monitor_stdout
                0x20000658        0x4 C:/ST/STM32CubeIDE_1.19.0/STM32CubeIDE/plugins/com.st.stm32cube.ide.mcu.externaltools.gnu-tools-for-stm32.13.3.rel1.win32_1.0.0.202411081344/tools/bin/../lib/gcc/arm-none-eabi/13.3.1/../../../../arm-none-eabi/lib/thumb/v7-m/nofp\librdimon_nano.a(arm_librdimon_a-syscalls.o)
 .bss.monitor_stdin
                0x2000065c        0x4 C:/ST/STM32CubeIDE_1.19.0/STM32CubeIDE/plugins/com.st.stm32cube.ide.mcu.externaltools.gnu-tools-for-stm32.13.3.rel1.win32_1.0.0.202411081344/tools/bin/../lib/gcc/arm-none-eabi/13.3.1/../../../../arm-none-eabi/lib/thumb/v7-m/nofp\librdimon_nano.a(arm_librdimon_a-syscalls.o)
 .bss.openfiles
                0x20000660       0xa0 C:/ST/STM32CubeIDE_1.19.0/STM32CubeIDE/plugins/com.st.stm32cube.ide.mcu.externaltools.gnu-tools-for-stm32.13.3.rel1.win32_1.0.0.202411081344/tools/bin/../lib/gcc/arm-none-eabi/13.3.1/../../../../arm-none-eabi/lib/thumb/v7-m/nofp\librdimon_nano.a(arm_librdimon_a-syscalls.o)
 .bss.__sf      0x20000700      0x138 C:/ST/STM32CubeIDE_1.19.0/STM32CubeIDE/plugins/com.st.stm32cube.ide.mcu.externaltools.gnu-tools-for-stm32.13.3.rel1.win32_1.0.0.202411081344/tools/bin/../lib/gcc/arm-none-eabi/13.3.1/../../../../arm-none-eabi/lib/thumb/v7-m/nofp\libc_nano.a(libc_a-findfp.o)
                0x20000700                __sf
 .bss.__stdio_exit_handler
                0x20000838        0x4 C:/ST/STM32CubeIDE_1.19.0/STM32CubeIDE/plugins/com.st.stm32cube.ide.mcu.externaltools.gnu-tools-for-stm32.13.3.rel1.win32_1.0.0.202411081344/tools/bin/../lib/gcc/arm-none-eabi/13.3.1/../../../../arm-none-eabi/lib/thumb/v7-m/nofp\libc_nano.a(libc_a-findfp.o)
                0x20000838                __stdio_exit_handler