../Core/Src/stm32f1xx_hal_msp.c:72:6:HAL_MspInit	8	static
../Core/Src/stm32f1xx_hal_msp.c:99:6:HAL_I2C_MspInit	40	static
../Core/Src/stm32f1xx_hal_msp.c:159:6:HAL_I2C_MspDeInit	8	static
../Core/Src/stm32f1xx_hal_msp.c:196:6:HAL_TIM_Base_MspInit	24	static
../Core/Src/stm32f1xx_hal_msp.c:243:6:HAL_TIM_MspPostInit	40	static
../Core/Src/stm32f1xx_hal_msp.c:293:6:HAL_TIM_Base_MspDeInit	8	static
../Core/Src/stm32f1xx_hal_msp.c:343:6:HAL_UART_MspInit	56	static
../Core/Src/stm32f1xx_hal_msp.c:467:6:HAL_UART_MspDeInit	8	static
